ARM Linker, 5.03 [Build 76] [MDK-ARM Lite]

==============================================================================

Section Cross References

    nokia5110.o(i.Nokia5110_Clear) refers to nokia5110.o(i.lcdwrite) for lcdwrite
    nokia5110.o(i.Nokia5110_Clear) refers to nokia5110.o(i.Nokia5110_SetCursor) for Nokia5110_SetCursor
    nokia5110.o(i.Nokia5110_ClearBuffer) refers to nokia5110.o(.bss) for Screen
    nokia5110.o(i.Nokia5110_DisplayBuffer) refers to nokia5110.o(i.Nokia5110_DrawFullImage) for Nokia5110_DrawFullImage
    nokia5110.o(i.Nokia5110_DisplayBuffer) refers to nokia5110.o(.bss) for Screen
    nokia5110.o(i.Nokia5110_DrawFullImage) refers to nokia5110.o(i.Nokia5110_SetCursor) for Nokia5110_SetCursor
    nokia5110.o(i.Nokia5110_DrawFullImage) refers to nokia5110.o(i.lcdwrite) for lcdwrite
    nokia5110.o(i.Nokia5110_Init) refers to nokia5110.o(i.lcdwrite) for lcdwrite
    nokia5110.o(i.Nokia5110_OutChar) refers to nokia5110.o(i.lcdwrite) for lcdwrite
    nokia5110.o(i.Nokia5110_OutChar) refers to nokia5110.o(.constdata) for ASCII
    nokia5110.o(i.Nokia5110_OutChar2) refers to nokia5110.o(i.lcdwrite) for lcdwrite
    nokia5110.o(i.Nokia5110_OutChar2) refers to nokia5110.o(.constdata) for ASCII
    nokia5110.o(i.Nokia5110_OutString) refers to nokia5110.o(i.Nokia5110_OutChar) for Nokia5110_OutChar
    nokia5110.o(i.Nokia5110_OutUDec) refers to nokia5110.o(i.Nokia5110_OutString) for Nokia5110_OutString
    nokia5110.o(i.Nokia5110_OutUDec) refers to nokia5110.o(i.Nokia5110_OutChar) for Nokia5110_OutChar
    nokia5110.o(i.Nokia5110_PrintBMP) refers to nokia5110.o(.bss) for Screen
    nokia5110.o(i.Nokia5110_Runner) refers to printfa.o(i.__0sprintf) for __2sprintf
    nokia5110.o(i.Nokia5110_Runner) refers to TivaES.obj(.text) for TivaES_LeePulsador
    nokia5110.o(i.Nokia5110_Runner) refers to nokia5110.o(i.readADC) for readADC
    nokia5110.o(i.Nokia5110_Runner) refers to nokia5110.o(i.fillBuffer) for fillBuffer
    nokia5110.o(i.Nokia5110_Runner) refers to nokia5110.o(i.drawBitmap) for drawBitmap
    nokia5110.o(i.Nokia5110_Runner) refers to nokia5110.o(i.text) for text
    nokia5110.o(i.Nokia5110_SetCursor) refers to nokia5110.o(i.lcdwrite) for lcdwrite
    nokia5110.o(i.Nokia5110_SetCursorChar) refers to nokia5110.o(i.lcdwrite) for lcdwrite
    nokia5110.o(i.Nokia5110_SetCursorChar) refers to nokia5110.o(i.Nokia5110_OutChar) for Nokia5110_OutChar
    nokia5110.o(i.Nokia5110_SetCursorChar) refers to nokia5110.o(i.Nokia5110_OutChar2) for Nokia5110_OutChar2
    nokia5110.o(i.Nokia5110_TestFunctions) refers to nokia5110.o(i.clearBuffer) for clearBuffer
    nokia5110.o(i.Nokia5110_TestFunctions) refers to nokia5110.o(i.drawByte) for drawByte
    nokia5110.o(i.Nokia5110_TestFunctions) refers to nokia5110.o(i.setPixel) for setPixel
    nokia5110.o(i.Nokia5110_TestFunctions) refers to nokia5110.o(i.clearPixel) for clearPixel
    nokia5110.o(i.Nokia5110_TestFunctions) refers to nokia5110.o(i.drawBitmap) for drawBitmap
    nokia5110.o(i.Nokia5110_TestFunctions) refers to nokia5110.o(i.text) for text
    nokia5110.o(i.Nokia5110_TestFunctions) refers to nokia5110.o(i.drawRealCircle) for drawRealCircle
    nokia5110.o(i.clearBitmap) refers to nokia5110.o(.bss) for Screen
    nokia5110.o(i.clearBuffer) refers to nokia5110.o(.bss) for Screen
    nokia5110.o(i.clearCircle) refers to nokia5110.o(i.clearCirclePoints) for clearCirclePoints
    nokia5110.o(i.clearCircleLines) refers to nokia5110.o(i.clearLine) for clearLine
    nokia5110.o(i.clearCirclePoints) refers to nokia5110.o(i.clearPixel) for clearPixel
    nokia5110.o(i.clearEllipse) refers to nokia5110.o(i.ellipseClearPoints) for ellipseClearPoints
    nokia5110.o(i.clearEllipse) refers to dflti.o(.text) for __aeabi_i2d
    nokia5110.o(i.clearEllipse) refers to dmul.o(.text) for __aeabi_dmul
    nokia5110.o(i.clearEllipse) refers to dadd.o(.text) for __aeabi_dadd
    nokia5110.o(i.clearEllipse) refers to dfixi.o(.text) for __aeabi_d2iz
    nokia5110.o(i.clearFilledCircle) refers to nokia5110.o(i.clearCircleLines) for clearCircleLines
    nokia5110.o(i.clearFilledEllipse) refers to nokia5110.o(i.ellipseClearLines) for ellipseClearLines
    nokia5110.o(i.clearFilledEllipse) refers to dflti.o(.text) for __aeabi_i2d
    nokia5110.o(i.clearFilledEllipse) refers to dmul.o(.text) for __aeabi_dmul
    nokia5110.o(i.clearFilledEllipse) refers to dadd.o(.text) for __aeabi_dadd
    nokia5110.o(i.clearFilledEllipse) refers to dfixi.o(.text) for __aeabi_d2iz
    nokia5110.o(i.clearFilledRectangle) refers to nokia5110.o(i.clearHLine) for clearHLine
    nokia5110.o(i.clearFilledRoundRectangle) refers to nokia5110.o(i.clearHLine) for clearHLine
    nokia5110.o(i.clearFilledRoundRectangle) refers to nokia5110.o(i.clearVLine) for clearVLine
    nokia5110.o(i.clearHLine) refers to nokia5110.o(.bss) for Screen
    nokia5110.o(i.clearLine) refers to nokia5110.o(i.clearHLine) for clearHLine
    nokia5110.o(i.clearLine) refers to nokia5110.o(i.clearVLine) for clearVLine
    nokia5110.o(i.clearLine) refers to dflti.o(.text) for __aeabi_i2d
    nokia5110.o(i.clearLine) refers to ddiv.o(.text) for __aeabi_ddiv
    nokia5110.o(i.clearLine) refers to dadd.o(.text) for __aeabi_dadd
    nokia5110.o(i.clearLine) refers to dfixi.o(.text) for __aeabi_d2iz
    nokia5110.o(i.clearLine) refers to nokia5110.o(i.clearPixel) for clearPixel
    nokia5110.o(i.clearLine) refers to fflti.o(.text) for __aeabi_i2f
    nokia5110.o(i.clearLine) refers to fdiv.o(.text) for __aeabi_fdiv
    nokia5110.o(i.clearLine) refers to f2d.o(.text) for __aeabi_f2d
    nokia5110.o(i.clearPixel) refers to nokia5110.o(.bss) for Screen
    nokia5110.o(i.clearRealCircle) refers to dflti.o(.text) for __aeabi_i2d
    nokia5110.o(i.clearRealCircle) refers to dmul.o(.text) for __aeabi_dmul
    nokia5110.o(i.clearRealCircle) refers to dfixi.o(.text) for __aeabi_d2iz
    nokia5110.o(i.clearRealCircle) refers to nokia5110.o(i.clearEllipse) for clearEllipse
    nokia5110.o(i.clearRealFilledCircle) refers to dflti.o(.text) for __aeabi_i2d
    nokia5110.o(i.clearRealFilledCircle) refers to dmul.o(.text) for __aeabi_dmul
    nokia5110.o(i.clearRealFilledCircle) refers to dfixi.o(.text) for __aeabi_d2iz
    nokia5110.o(i.clearRealFilledCircle) refers to nokia5110.o(i.clearFilledEllipse) for clearFilledEllipse
    nokia5110.o(i.clearRectangle) refers to nokia5110.o(i.clearHLine) for clearHLine
    nokia5110.o(i.clearRectangle) refers to nokia5110.o(i.clearVLine) for clearVLine
    nokia5110.o(i.clearRoundRectangle) refers to nokia5110.o(i.clearPixel) for clearPixel
    nokia5110.o(i.clearRoundRectangle) refers to nokia5110.o(i.clearHLine) for clearHLine
    nokia5110.o(i.clearRoundRectangle) refers to nokia5110.o(i.clearVLine) for clearVLine
    nokia5110.o(i.clearVLine) refers to nokia5110.o(i.clearPixel) for clearPixel
    nokia5110.o(i.copyToScreen) refers to nokia5110.o(i.lcdwrite) for lcdwrite
    nokia5110.o(i.copyToScreen) refers to nokia5110.o(.bss) for Screen
    nokia5110.o(i.drawBitmap) refers to nokia5110.o(i.drawByte) for drawByte
    nokia5110.o(i.drawByte) refers to nokia5110.o(.bss) for Screen
    nokia5110.o(i.drawCircle) refers to nokia5110.o(i.drawCirclePoints) for drawCirclePoints
    nokia5110.o(i.drawCircleLines) refers to nokia5110.o(i.drawLine) for drawLine
    nokia5110.o(i.drawCirclePoints) refers to nokia5110.o(i.setPixel) for setPixel
    nokia5110.o(i.drawEllipse) refers to nokia5110.o(i.ellipsePlotPoints) for ellipsePlotPoints
    nokia5110.o(i.drawEllipse) refers to dflti.o(.text) for __aeabi_i2d
    nokia5110.o(i.drawEllipse) refers to dmul.o(.text) for __aeabi_dmul
    nokia5110.o(i.drawEllipse) refers to dadd.o(.text) for __aeabi_dadd
    nokia5110.o(i.drawEllipse) refers to dfixi.o(.text) for __aeabi_d2iz
    nokia5110.o(i.drawFilledCircle) refers to nokia5110.o(i.drawCircleLines) for drawCircleLines
    nokia5110.o(i.drawFilledEllipse) refers to nokia5110.o(i.ellipsePlotLines) for ellipsePlotLines
    nokia5110.o(i.drawFilledEllipse) refers to dflti.o(.text) for __aeabi_i2d
    nokia5110.o(i.drawFilledEllipse) refers to dmul.o(.text) for __aeabi_dmul
    nokia5110.o(i.drawFilledEllipse) refers to dadd.o(.text) for __aeabi_dadd
    nokia5110.o(i.drawFilledEllipse) refers to dfixi.o(.text) for __aeabi_d2iz
    nokia5110.o(i.drawFilledRectangle) refers to nokia5110.o(i.drawHLine) for drawHLine
    nokia5110.o(i.drawFilledRoundRectangle) refers to nokia5110.o(i.drawHLine) for drawHLine
    nokia5110.o(i.drawFilledRoundRectangle) refers to nokia5110.o(i.drawVLine) for drawVLine
    nokia5110.o(i.drawHLine) refers to nokia5110.o(.bss) for Screen
    nokia5110.o(i.drawLine) refers to nokia5110.o(i.drawHLine) for drawHLine
    nokia5110.o(i.drawLine) refers to nokia5110.o(i.drawVLine) for drawVLine
    nokia5110.o(i.drawLine) refers to dflti.o(.text) for __aeabi_i2d
    nokia5110.o(i.drawLine) refers to ddiv.o(.text) for __aeabi_ddiv
    nokia5110.o(i.drawLine) refers to dadd.o(.text) for __aeabi_dadd
    nokia5110.o(i.drawLine) refers to dfixi.o(.text) for __aeabi_d2iz
    nokia5110.o(i.drawLine) refers to nokia5110.o(i.setPixel) for setPixel
    nokia5110.o(i.drawLine) refers to fflti.o(.text) for __aeabi_i2f
    nokia5110.o(i.drawLine) refers to fdiv.o(.text) for __aeabi_fdiv
    nokia5110.o(i.drawLine) refers to f2d.o(.text) for __aeabi_f2d
    nokia5110.o(i.drawRealCircle) refers to dflti.o(.text) for __aeabi_i2d
    nokia5110.o(i.drawRealCircle) refers to dmul.o(.text) for __aeabi_dmul
    nokia5110.o(i.drawRealCircle) refers to dfixi.o(.text) for __aeabi_d2iz
    nokia5110.o(i.drawRealCircle) refers to nokia5110.o(i.drawEllipse) for drawEllipse
    nokia5110.o(i.drawRealFilledCircle) refers to dflti.o(.text) for __aeabi_i2d
    nokia5110.o(i.drawRealFilledCircle) refers to dmul.o(.text) for __aeabi_dmul
    nokia5110.o(i.drawRealFilledCircle) refers to dfixi.o(.text) for __aeabi_d2iz
    nokia5110.o(i.drawRealFilledCircle) refers to nokia5110.o(i.drawFilledEllipse) for drawFilledEllipse
    nokia5110.o(i.drawRectangle) refers to nokia5110.o(i.drawHLine) for drawHLine
    nokia5110.o(i.drawRectangle) refers to nokia5110.o(i.drawVLine) for drawVLine
    nokia5110.o(i.drawRoundRectangle) refers to nokia5110.o(i.setPixel) for setPixel
    nokia5110.o(i.drawRoundRectangle) refers to nokia5110.o(i.drawHLine) for drawHLine
    nokia5110.o(i.drawRoundRectangle) refers to nokia5110.o(i.drawVLine) for drawVLine
    nokia5110.o(i.drawVLine) refers to nokia5110.o(i.setPixel) for setPixel
    nokia5110.o(i.ellipseClearLines) refers to nokia5110.o(i.clearLine) for clearLine
    nokia5110.o(i.ellipseClearPoints) refers to nokia5110.o(i.clearPixel) for clearPixel
    nokia5110.o(i.ellipsePlotLines) refers to nokia5110.o(i.drawLine) for drawLine
    nokia5110.o(i.ellipsePlotPoints) refers to nokia5110.o(i.setPixel) for setPixel
    nokia5110.o(i.fillBuffer) refers to nokia5110.o(.bss) for Screen
    nokia5110.o(i.invertPixel) refers to nokia5110.o(.bss) for Screen
    nokia5110.o(i.readPixel) refers to nokia5110.o(.bss) for Screen
    nokia5110.o(i.setContrast) refers to nokia5110.o(i.lcdwrite) for lcdwrite
    nokia5110.o(i.setPixel) refers to nokia5110.o(.bss) for Screen
    nokia5110.o(i.text) refers to strlen.o(.text) for strlen
    nokia5110.o(i.text) refers to nokia5110.o(.constdata) for Terminal3x5
    nokia5110.o(i.text) refers to nokia5110.o(.bss) for Screen
    startup.o(RESET) refers to startup.o(STACK) for StackMem
    startup.o(RESET) refers to main.o(i.SysTick_Handler) for SysTick_Handler
    startup.o(RESET) refers to entry.o(.ARM.Collect$$$$00000000) for __main
    main.o(i.SysTick_Handler) refers to main.o(.data) for contTiempoDeLectura
    main.o(i.calcular_escala) refers to main.o(.data) for horizontal
    main.o(i.main) refers to nokia5110.o(i.Nokia5110_Init) for Nokia5110_Init
    main.o(i.main) refers to nokia5110.o(i.Nokia5110_ClearBuffer) for Nokia5110_ClearBuffer
    main.o(i.main) refers to moduloadc.o(i.configADC) for configADC
    main.o(i.main) refers to puertosdfytimer.o(i.configPulsadores_D) for configPulsadores_D
    main.o(i.main) refers to puertosdfytimer.o(i.ConfiguraTimer_1ms) for ConfiguraTimer_1ms
    main.o(i.main) refers to uart.o(i.ConfigUART0) for ConfigUART0
    main.o(i.main) refers to puertosdfytimer.o(i.config_portF) for config_portF
    main.o(i.main) refers to moduloadc.o(i.adquirir_muestra) for adquirir_muestra
    main.o(i.main) refers to main.o(i.analizar_codigo) for analizar_codigo
    main.o(i.main) refers to main.o(i.mostrar_voltaje) for mostrar_voltaje
    main.o(i.main) refers to ffltui.o(.text) for __aeabi_ui2f
    main.o(i.main) refers to fmul.o(.text) for __aeabi_fmul
    main.o(i.main) refers to fdiv.o(.text) for __aeabi_fdiv
    main.o(i.main) refers to f2d.o(.text) for __aeabi_f2d
    main.o(i.main) refers to printfa.o(i.__0snprintf) for __2snprintf
    main.o(i.main) refers to nokia5110.o(i.text) for text
    main.o(i.main) refers to nokia5110.o(i.Nokia5110_DisplayBuffer) for Nokia5110_DisplayBuffer
    main.o(i.main) refers to nokia5110.o(i.copyToScreen) for copyToScreen
    main.o(i.main) refers to uart.o(i.HayCarRx) for HayCarRx
    main.o(i.main) refers to uart.o(i.RxCar) for RxCar
    main.o(i.main) refers to uart.o(i.TxCadena) for TxCadena
    main.o(i.main) refers to main.o(.data) for ActualizarPantalla
    main.o(i.main) refers to main.o(.bss) for muestras
    main.o(i.main) refers to main.o(.constdata) for init
    main.o(i.main) refers to main.o(i.calcular_escala) for calcular_escala
    main.o(i.mostrar_voltaje) refers to nokia5110.o(i.drawBitmap) for drawBitmap
    main.o(i.mostrar_voltaje) refers to main.o(.data) for escala
    main.o(i.mostrar_voltaje) refers to main.o(.bss) for muestras_y_pos
    main.o(i.mostrar_voltaje) refers to main.o(.constdata) for obs
    moduloadc.o(i.adquirir_muestra) refers to moduloadc.o(i.finalizada_conversion) for finalizada_conversion
    uart.o(i.TxCadena) refers to uart.o(i.TxCar) for TxCar
    entry.o(.ARM.Collect$$$$00000000) refers (Special) to entry10a.o(.ARM.Collect$$$$0000000D) for __rt_final_cpp
    entry.o(.ARM.Collect$$$$00000000) refers (Special) to entry11a.o(.ARM.Collect$$$$0000000F) for __rt_final_exit
    entry.o(.ARM.Collect$$$$00000000) refers (Special) to entry7b.o(.ARM.Collect$$$$00000008) for _main_clock
    entry.o(.ARM.Collect$$$$00000000) refers (Special) to entry8b.o(.ARM.Collect$$$$0000000A) for _main_cpp_init
    entry.o(.ARM.Collect$$$$00000000) refers (Special) to entry9a.o(.ARM.Collect$$$$0000000B) for _main_init
    entry.o(.ARM.Collect$$$$00000000) refers (Special) to entry5.o(.ARM.Collect$$$$00000004) for _main_scatterload
    entry.o(.ARM.Collect$$$$00000000) refers (Special) to entry2.o(.ARM.Collect$$$$00000001) for _main_stk
    printfb.o(i.__0fprintf$bare) refers to printfb.o(i._printf_core) for _printf_core
    printfb.o(i.__0fprintf$bare) refers to fputc.o(i.fputc) for fputc
    printfb.o(i.__0printf$bare) refers to printfb.o(i._printf_core) for _printf_core
    printfb.o(i.__0printf$bare) refers to fputc.o(i.fputc) for fputc
    printfb.o(i.__0printf$bare) refers to stdout.o(.data) for __stdout
    printfb.o(i.__0snprintf$bare) refers to printfb.o(i._printf_core) for _printf_core
    printfb.o(i.__0snprintf$bare) refers to printfb.o(i._snputc) for _snputc
    printfb.o(i.__0sprintf$bare) refers to printfb.o(i._printf_core) for _printf_core
    printfb.o(i.__0sprintf$bare) refers to printfb.o(i._sputc) for _sputc
    printfb.o(i.__0vfprintf$bare) refers to printfb.o(i._printf_core) for _printf_core
    printfb.o(i.__0vfprintf$bare) refers to fputc.o(i.fputc) for fputc
    printfb.o(i.__0vprintf$bare) refers to printfb.o(i._printf_core) for _printf_core
    printfb.o(i.__0vprintf$bare) refers to fputc.o(i.fputc) for fputc
    printfb.o(i.__0vprintf$bare) refers to stdout.o(.data) for __stdout
    printfb.o(i.__0vsnprintf$bare) refers to printfb.o(i._printf_core) for _printf_core
    printfb.o(i.__0vsnprintf$bare) refers to printfb.o(i._snputc) for _snputc
    printfb.o(i.__0vsprintf$bare) refers to printfb.o(i._printf_core) for _printf_core
    printfb.o(i.__0vsprintf$bare) refers to printfb.o(i._sputc) for _sputc
    printf0.o(i.__0fprintf$0) refers to printf0.o(i._printf_core) for _printf_core
    printf0.o(i.__0fprintf$0) refers to fputc.o(i.fputc) for fputc
    printf0.o(i.__0printf$0) refers to printf0.o(i._printf_core) for _printf_core
    printf0.o(i.__0printf$0) refers to fputc.o(i.fputc) for fputc
    printf0.o(i.__0printf$0) refers to stdout.o(.data) for __stdout
    printf0.o(i.__0snprintf$0) refers to printf0.o(i._printf_core) for _printf_core
    printf0.o(i.__0snprintf$0) refers to printf0.o(i._snputc) for _snputc
    printf0.o(i.__0sprintf$0) refers to printf0.o(i._printf_core) for _printf_core
    printf0.o(i.__0sprintf$0) refers to printf0.o(i._sputc) for _sputc
    printf0.o(i.__0vfprintf$0) refers to printf0.o(i._printf_core) for _printf_core
    printf0.o(i.__0vfprintf$0) refers to fputc.o(i.fputc) for fputc
    printf0.o(i.__0vprintf$0) refers to printf0.o(i._printf_core) for _printf_core
    printf0.o(i.__0vprintf$0) refers to fputc.o(i.fputc) for fputc
    printf0.o(i.__0vprintf$0) refers to stdout.o(.data) for __stdout
    printf0.o(i.__0vsnprintf$0) refers to printf0.o(i._printf_core) for _printf_core
    printf0.o(i.__0vsnprintf$0) refers to printf0.o(i._snputc) for _snputc
    printf0.o(i.__0vsprintf$0) refers to printf0.o(i._printf_core) for _printf_core
    printf0.o(i.__0vsprintf$0) refers to printf0.o(i._sputc) for _sputc
    printf1.o(i.__0fprintf$1) refers to printf1.o(i._printf_core) for _printf_core
    printf1.o(i.__0fprintf$1) refers to fputc.o(i.fputc) for fputc
    printf1.o(i.__0printf$1) refers to printf1.o(i._printf_core) for _printf_core
    printf1.o(i.__0printf$1) refers to fputc.o(i.fputc) for fputc
    printf1.o(i.__0printf$1) refers to stdout.o(.data) for __stdout
    printf1.o(i.__0snprintf$1) refers to printf1.o(i._printf_core) for _printf_core
    printf1.o(i.__0snprintf$1) refers to printf1.o(i._snputc) for _snputc
    printf1.o(i.__0sprintf$1) refers to printf1.o(i._printf_core) for _printf_core
    printf1.o(i.__0sprintf$1) refers to printf1.o(i._sputc) for _sputc
    printf1.o(i.__0vfprintf$1) refers to printf1.o(i._printf_core) for _printf_core
    printf1.o(i.__0vfprintf$1) refers to fputc.o(i.fputc) for fputc
    printf1.o(i.__0vprintf$1) refers to printf1.o(i._printf_core) for _printf_core
    printf1.o(i.__0vprintf$1) refers to fputc.o(i.fputc) for fputc
    printf1.o(i.__0vprintf$1) refers to stdout.o(.data) for __stdout
    printf1.o(i.__0vsnprintf$1) refers to printf1.o(i._printf_core) for _printf_core
    printf1.o(i.__0vsnprintf$1) refers to printf1.o(i._snputc) for _snputc
    printf1.o(i.__0vsprintf$1) refers to printf1.o(i._printf_core) for _printf_core
    printf1.o(i.__0vsprintf$1) refers to printf1.o(i._sputc) for _sputc
    printf1.o(i._printf_core) refers to uidiv.o(.text) for __aeabi_uidivmod
    printf2.o(i.__0fprintf$2) refers to printf2.o(i._printf_core) for _printf_core
    printf2.o(i.__0fprintf$2) refers to fputc.o(i.fputc) for fputc
    printf2.o(i.__0printf$2) refers to printf2.o(i._printf_core) for _printf_core
    printf2.o(i.__0printf$2) refers to fputc.o(i.fputc) for fputc
    printf2.o(i.__0printf$2) refers to stdout.o(.data) for __stdout
    printf2.o(i.__0snprintf$2) refers to printf2.o(i._printf_core) for _printf_core
    printf2.o(i.__0snprintf$2) refers to printf2.o(i._snputc) for _snputc
    printf2.o(i.__0sprintf$2) refers to printf2.o(i._printf_core) for _printf_core
    printf2.o(i.__0sprintf$2) refers to printf2.o(i._sputc) for _sputc
    printf2.o(i.__0vfprintf$2) refers to printf2.o(i._printf_core) for _printf_core
    printf2.o(i.__0vfprintf$2) refers to fputc.o(i.fputc) for fputc
    printf2.o(i.__0vprintf$2) refers to printf2.o(i._printf_core) for _printf_core
    printf2.o(i.__0vprintf$2) refers to fputc.o(i.fputc) for fputc
    printf2.o(i.__0vprintf$2) refers to stdout.o(.data) for __stdout
    printf2.o(i.__0vsnprintf$2) refers to printf2.o(i._printf_core) for _printf_core
    printf2.o(i.__0vsnprintf$2) refers to printf2.o(i._snputc) for _snputc
    printf2.o(i.__0vsprintf$2) refers to printf2.o(i._printf_core) for _printf_core
    printf2.o(i.__0vsprintf$2) refers to printf2.o(i._sputc) for _sputc
    printf3.o(i.__0fprintf$3) refers to printf3.o(i._printf_core) for _printf_core
    printf3.o(i.__0fprintf$3) refers to fputc.o(i.fputc) for fputc
    printf3.o(i.__0printf$3) refers to printf3.o(i._printf_core) for _printf_core
    printf3.o(i.__0printf$3) refers to fputc.o(i.fputc) for fputc
    printf3.o(i.__0printf$3) refers to stdout.o(.data) for __stdout
    printf3.o(i.__0snprintf$3) refers to printf3.o(i._printf_core) for _printf_core
    printf3.o(i.__0snprintf$3) refers to printf3.o(i._snputc) for _snputc
    printf3.o(i.__0sprintf$3) refers to printf3.o(i._printf_core) for _printf_core
    printf3.o(i.__0sprintf$3) refers to printf3.o(i._sputc) for _sputc
    printf3.o(i.__0vfprintf$3) refers to printf3.o(i._printf_core) for _printf_core
    printf3.o(i.__0vfprintf$3) refers to fputc.o(i.fputc) for fputc
    printf3.o(i.__0vprintf$3) refers to printf3.o(i._printf_core) for _printf_core
    printf3.o(i.__0vprintf$3) refers to fputc.o(i.fputc) for fputc
    printf3.o(i.__0vprintf$3) refers to stdout.o(.data) for __stdout
    printf3.o(i.__0vsnprintf$3) refers to printf3.o(i._printf_core) for _printf_core
    printf3.o(i.__0vsnprintf$3) refers to printf3.o(i._snputc) for _snputc
    printf3.o(i.__0vsprintf$3) refers to printf3.o(i._printf_core) for _printf_core
    printf3.o(i.__0vsprintf$3) refers to printf3.o(i._sputc) for _sputc
    printf3.o(i._printf_core) refers to uidiv.o(.text) for __aeabi_uidivmod
    printf4.o(i.__0fprintf$4) refers to printf4.o(i._printf_core) for _printf_core
    printf4.o(i.__0fprintf$4) refers to fputc.o(i.fputc) for fputc
    printf4.o(i.__0printf$4) refers to printf4.o(i._printf_core) for _printf_core
    printf4.o(i.__0printf$4) refers to fputc.o(i.fputc) for fputc
    printf4.o(i.__0printf$4) refers to stdout.o(.data) for __stdout
    printf4.o(i.__0snprintf$4) refers to printf4.o(i._printf_core) for _printf_core
    printf4.o(i.__0snprintf$4) refers to printf4.o(i._snputc) for _snputc
    printf4.o(i.__0sprintf$4) refers to printf4.o(i._printf_core) for _printf_core
    printf4.o(i.__0sprintf$4) refers to printf4.o(i._sputc) for _sputc
    printf4.o(i.__0vfprintf$4) refers to printf4.o(i._printf_core) for _printf_core
    printf4.o(i.__0vfprintf$4) refers to fputc.o(i.fputc) for fputc
    printf4.o(i.__0vprintf$4) refers to printf4.o(i._printf_core) for _printf_core
    printf4.o(i.__0vprintf$4) refers to fputc.o(i.fputc) for fputc
    printf4.o(i.__0vprintf$4) refers to stdout.o(.data) for __stdout
    printf4.o(i.__0vsnprintf$4) refers to printf4.o(i._printf_core) for _printf_core
    printf4.o(i.__0vsnprintf$4) refers to printf4.o(i._snputc) for _snputc
    printf4.o(i.__0vsprintf$4) refers to printf4.o(i._printf_core) for _printf_core
    printf4.o(i.__0vsprintf$4) refers to printf4.o(i._sputc) for _sputc
    printf4.o(i._printf_core) refers to uldiv.o(.text) for __aeabi_uldivmod
    printf5.o(i.__0fprintf$5) refers to printf5.o(i._printf_core) for _printf_core
    printf5.o(i.__0fprintf$5) refers to fputc.o(i.fputc) for fputc
    printf5.o(i.__0printf$5) refers to printf5.o(i._printf_core) for _printf_core
    printf5.o(i.__0printf$5) refers to fputc.o(i.fputc) for fputc
    printf5.o(i.__0printf$5) refers to stdout.o(.data) for __stdout
    printf5.o(i.__0snprintf$5) refers to printf5.o(i._printf_core) for _printf_core
    printf5.o(i.__0snprintf$5) refers to printf5.o(i._snputc) for _snputc
    printf5.o(i.__0sprintf$5) refers to printf5.o(i._printf_core) for _printf_core
    printf5.o(i.__0sprintf$5) refers to printf5.o(i._sputc) for _sputc
    printf5.o(i.__0vfprintf$5) refers to printf5.o(i._printf_core) for _printf_core
    printf5.o(i.__0vfprintf$5) refers to fputc.o(i.fputc) for fputc
    printf5.o(i.__0vprintf$5) refers to printf5.o(i._printf_core) for _printf_core
    printf5.o(i.__0vprintf$5) refers to fputc.o(i.fputc) for fputc
    printf5.o(i.__0vprintf$5) refers to stdout.o(.data) for __stdout
    printf5.o(i.__0vsnprintf$5) refers to printf5.o(i._printf_core) for _printf_core
    printf5.o(i.__0vsnprintf$5) refers to printf5.o(i._snputc) for _snputc
    printf5.o(i.__0vsprintf$5) refers to printf5.o(i._printf_core) for _printf_core
    printf5.o(i.__0vsprintf$5) refers to printf5.o(i._sputc) for _sputc
    printf5.o(i._printf_core) refers to uldiv.o(.text) for __aeabi_uldivmod
    printf6.o(i.__0fprintf$6) refers to printf6.o(i._printf_core) for _printf_core
    printf6.o(i.__0fprintf$6) refers to fputc.o(i.fputc) for fputc
    printf6.o(i.__0printf$6) refers to printf6.o(i._printf_core) for _printf_core
    printf6.o(i.__0printf$6) refers to fputc.o(i.fputc) for fputc
    printf6.o(i.__0printf$6) refers to stdout.o(.data) for __stdout
    printf6.o(i.__0snprintf$6) refers to printf6.o(i._printf_core) for _printf_core
    printf6.o(i.__0snprintf$6) refers to printf6.o(i._snputc) for _snputc
    printf6.o(i.__0sprintf$6) refers to printf6.o(i._printf_core) for _printf_core
    printf6.o(i.__0sprintf$6) refers to printf6.o(i._sputc) for _sputc
    printf6.o(i.__0vfprintf$6) refers to printf6.o(i._printf_core) for _printf_core
    printf6.o(i.__0vfprintf$6) refers to fputc.o(i.fputc) for fputc
    printf6.o(i.__0vprintf$6) refers to printf6.o(i._printf_core) for _printf_core
    printf6.o(i.__0vprintf$6) refers to fputc.o(i.fputc) for fputc
    printf6.o(i.__0vprintf$6) refers to stdout.o(.data) for __stdout
    printf6.o(i.__0vsnprintf$6) refers to printf6.o(i._printf_core) for _printf_core
    printf6.o(i.__0vsnprintf$6) refers to printf6.o(i._snputc) for _snputc
    printf6.o(i.__0vsprintf$6) refers to printf6.o(i._printf_core) for _printf_core
    printf6.o(i.__0vsprintf$6) refers to printf6.o(i._sputc) for _sputc
    printf6.o(i._printf_core) refers to printf6.o(i._printf_pre_padding) for _printf_pre_padding
    printf6.o(i._printf_core) refers to uidiv.o(.text) for __aeabi_uidivmod
    printf6.o(i._printf_core) refers to printf6.o(i._printf_post_padding) for _printf_post_padding
    printf7.o(i.__0fprintf$7) refers to printf7.o(i._printf_core) for _printf_core
    printf7.o(i.__0fprintf$7) refers to fputc.o(i.fputc) for fputc
    printf7.o(i.__0printf$7) refers to printf7.o(i._printf_core) for _printf_core
    printf7.o(i.__0printf$7) refers to fputc.o(i.fputc) for fputc
    printf7.o(i.__0printf$7) refers to stdout.o(.data) for __stdout
    printf7.o(i.__0snprintf$7) refers to printf7.o(i._printf_core) for _printf_core
    printf7.o(i.__0snprintf$7) refers to printf7.o(i._snputc) for _snputc
    printf7.o(i.__0sprintf$7) refers to printf7.o(i._printf_core) for _printf_core
    printf7.o(i.__0sprintf$7) refers to printf7.o(i._sputc) for _sputc
    printf7.o(i.__0vfprintf$7) refers to printf7.o(i._printf_core) for _printf_core
    printf7.o(i.__0vfprintf$7) refers to fputc.o(i.fputc) for fputc
    printf7.o(i.__0vprintf$7) refers to printf7.o(i._printf_core) for _printf_core
    printf7.o(i.__0vprintf$7) refers to fputc.o(i.fputc) for fputc
    printf7.o(i.__0vprintf$7) refers to stdout.o(.data) for __stdout
    printf7.o(i.__0vsnprintf$7) refers to printf7.o(i._printf_core) for _printf_core
    printf7.o(i.__0vsnprintf$7) refers to printf7.o(i._snputc) for _snputc
    printf7.o(i.__0vsprintf$7) refers to printf7.o(i._printf_core) for _printf_core
    printf7.o(i.__0vsprintf$7) refers to printf7.o(i._sputc) for _sputc
    printf7.o(i._printf_core) refers to printf7.o(i._printf_pre_padding) for _printf_pre_padding
    printf7.o(i._printf_core) refers to uldiv.o(.text) for __aeabi_uldivmod
    printf7.o(i._printf_core) refers to printf7.o(i._printf_post_padding) for _printf_post_padding
    printf8.o(i.__0fprintf$8) refers to printf8.o(i._printf_core) for _printf_core
    printf8.o(i.__0fprintf$8) refers to fputc.o(i.fputc) for fputc
    printf8.o(i.__0printf$8) refers to printf8.o(i._printf_core) for _printf_core
    printf8.o(i.__0printf$8) refers to fputc.o(i.fputc) for fputc
    printf8.o(i.__0printf$8) refers to stdout.o(.data) for __stdout
    printf8.o(i.__0snprintf$8) refers to printf8.o(i._printf_core) for _printf_core
    printf8.o(i.__0snprintf$8) refers to printf8.o(i._snputc) for _snputc
    printf8.o(i.__0sprintf$8) refers to printf8.o(i._printf_core) for _printf_core
    printf8.o(i.__0sprintf$8) refers to printf8.o(i._sputc) for _sputc
    printf8.o(i.__0vfprintf$8) refers to printf8.o(i._printf_core) for _printf_core
    printf8.o(i.__0vfprintf$8) refers to fputc.o(i.fputc) for fputc
    printf8.o(i.__0vprintf$8) refers to printf8.o(i._printf_core) for _printf_core
    printf8.o(i.__0vprintf$8) refers to fputc.o(i.fputc) for fputc
    printf8.o(i.__0vprintf$8) refers to stdout.o(.data) for __stdout
    printf8.o(i.__0vsnprintf$8) refers to printf8.o(i._printf_core) for _printf_core
    printf8.o(i.__0vsnprintf$8) refers to printf8.o(i._snputc) for _snputc
    printf8.o(i.__0vsprintf$8) refers to printf8.o(i._printf_core) for _printf_core
    printf8.o(i.__0vsprintf$8) refers to printf8.o(i._sputc) for _sputc
    printf8.o(i._printf_core) refers to printf8.o(i._printf_pre_padding) for _printf_pre_padding
    printf8.o(i._printf_core) refers to uldiv.o(.text) for __aeabi_uldivmod
    printf8.o(i._printf_core) refers to printf8.o(i._printf_post_padding) for _printf_post_padding
    printfa.o(i.__0fprintf) refers (Special) to iusefp.o(.text) for __I$use$fp
    printfa.o(i.__0fprintf) refers to printfa.o(i._printf_core) for _printf_core
    printfa.o(i.__0fprintf) refers to fputc.o(i.fputc) for fputc
    printfa.o(i.__0printf) refers (Special) to iusefp.o(.text) for __I$use$fp
    printfa.o(i.__0printf) refers to printfa.o(i._printf_core) for _printf_core
    printfa.o(i.__0printf) refers to fputc.o(i.fputc) for fputc
    printfa.o(i.__0printf) refers to stdout.o(.data) for __stdout
    printfa.o(i.__0snprintf) refers (Special) to iusefp.o(.text) for __I$use$fp
    printfa.o(i.__0snprintf) refers to printfa.o(i._printf_core) for _printf_core
    printfa.o(i.__0snprintf) refers to printfa.o(i._snputc) for _snputc
    printfa.o(i.__0sprintf) refers (Special) to iusefp.o(.text) for __I$use$fp
    printfa.o(i.__0sprintf) refers to printfa.o(i._printf_core) for _printf_core
    printfa.o(i.__0sprintf) refers to printfa.o(i._sputc) for _sputc
    printfa.o(i.__0vfprintf) refers (Special) to iusefp.o(.text) for __I$use$fp
    printfa.o(i.__0vfprintf) refers to printfa.o(i._printf_core) for _printf_core
    printfa.o(i.__0vfprintf) refers to fputc.o(i.fputc) for fputc
    printfa.o(i.__0vprintf) refers (Special) to iusefp.o(.text) for __I$use$fp
    printfa.o(i.__0vprintf) refers to printfa.o(i._printf_core) for _printf_core
    printfa.o(i.__0vprintf) refers to fputc.o(i.fputc) for fputc
    printfa.o(i.__0vprintf) refers to stdout.o(.data) for __stdout
    printfa.o(i.__0vsnprintf) refers (Special) to iusefp.o(.text) for __I$use$fp
    printfa.o(i.__0vsnprintf) refers to printfa.o(i._printf_core) for _printf_core
    printfa.o(i.__0vsnprintf) refers to printfa.o(i._snputc) for _snputc
    printfa.o(i.__0vsprintf) refers (Special) to iusefp.o(.text) for __I$use$fp
    printfa.o(i.__0vsprintf) refers to printfa.o(i._printf_core) for _printf_core
    printfa.o(i.__0vsprintf) refers to printfa.o(i._sputc) for _sputc
    printfa.o(i._fp_digits) refers (Special) to iusefp.o(.text) for __I$use$fp
    printfa.o(i._fp_digits) refers to dmul.o(.text) for __aeabi_dmul
    printfa.o(i._fp_digits) refers to ddiv.o(.text) for __aeabi_ddiv
    printfa.o(i._fp_digits) refers to cdrcmple.o(.text) for __aeabi_cdrcmple
    printfa.o(i._fp_digits) refers to dadd.o(.text) for __aeabi_dadd
    printfa.o(i._fp_digits) refers to dfixul.o(.text) for __aeabi_d2ulz
    printfa.o(i._fp_digits) refers to uldiv.o(.text) for __aeabi_uldivmod
    printfa.o(i._printf_core) refers (Special) to iusefp.o(.text) for __I$use$fp
    printfa.o(i._printf_core) refers to printfa.o(i._printf_pre_padding) for _printf_pre_padding
    printfa.o(i._printf_core) refers to uldiv.o(.text) for __aeabi_uldivmod
    printfa.o(i._printf_core) refers to printfa.o(i._printf_post_padding) for _printf_post_padding
    printfa.o(i._printf_core) refers to printfa.o(i._fp_digits) for _fp_digits
    printfa.o(i._printf_core) refers to uidiv.o(.text) for __aeabi_uidivmod
    printfa.o(i._printf_post_padding) refers (Special) to iusefp.o(.text) for __I$use$fp
    printfa.o(i._printf_pre_padding) refers (Special) to iusefp.o(.text) for __I$use$fp
    printfa.o(i._snputc) refers (Special) to iusefp.o(.text) for __I$use$fp
    printfa.o(i._sputc) refers (Special) to iusefp.o(.text) for __I$use$fp
    fmul.o(.text) refers (Special) to iusefp.o(.text) for __I$use$fp
    fdiv.o(.text) refers (Special) to iusefp.o(.text) for __I$use$fp
    fdiv.o(.text) refers to fepilogue.o(.text) for _float_round
    dadd.o(.text) refers (Special) to iusefp.o(.text) for __I$use$fp
    dadd.o(.text) refers to llshl.o(.text) for __aeabi_llsl
    dadd.o(.text) refers to llsshr.o(.text) for __aeabi_lasr
    dadd.o(.text) refers to depilogue.o(.text) for _double_epilogue
    dmul.o(.text) refers (Special) to iusefp.o(.text) for __I$use$fp
    dmul.o(.text) refers to depilogue.o(.text) for _double_epilogue
    ddiv.o(.text) refers (Special) to iusefp.o(.text) for __I$use$fp
    ddiv.o(.text) refers to depilogue.o(.text) for _double_round
    fflti.o(.text) refers (Special) to iusefp.o(.text) for __I$use$fp
    fflti.o(.text) refers to fepilogue.o(.text) for _float_epilogue
    ffltui.o(.text) refers (Special) to iusefp.o(.text) for __I$use$fp
    ffltui.o(.text) refers to fepilogue.o(.text) for _float_epilogue
    dflti.o(.text) refers (Special) to iusefp.o(.text) for __I$use$fp
    dflti.o(.text) refers to depilogue.o(.text) for _double_epilogue
    dfixi.o(.text) refers (Special) to iusefp.o(.text) for __I$use$fp
    dfixi.o(.text) refers to llushr.o(.text) for __aeabi_llsr
    f2d.o(.text) refers (Special) to iusefp.o(.text) for __I$use$fp
    entry2.o(.ARM.Collect$$$$00000001) refers to entry2.o(.ARM.Collect$$$$00002712) for __lit__00000000
    entry2.o(.ARM.Collect$$$$00002712) refers to startup.o(STACK) for __initial_sp
    entry2.o(__vectab_stack_and_reset_area) refers to startup.o(STACK) for __initial_sp
    entry2.o(__vectab_stack_and_reset_area) refers to entry.o(.ARM.Collect$$$$00000000) for __main
    entry5.o(.ARM.Collect$$$$00000004) refers to init.o(.text) for __scatterload
    entry9a.o(.ARM.Collect$$$$0000000B) refers to main.o(i.main) for main
    entry9b.o(.ARM.Collect$$$$0000000C) refers to main.o(i.main) for main
    fputc.o(i.fputc) refers (Special) to iusesemip.o(.text) for __I$use$semihosting$fputc
    fputc.o(i.fputc) refers (Special) to semi.o(.text) for __semihosting_library_function
    uldiv.o(.text) refers to llushr.o(.text) for __aeabi_llsr
    uldiv.o(.text) refers to llshl.o(.text) for __aeabi_llsl
    depilogue.o(.text) refers to llshl.o(.text) for __aeabi_llsl
    depilogue.o(.text) refers to llushr.o(.text) for __aeabi_llsr
    dfixul.o(.text) refers to llushr.o(.text) for __aeabi_llsr
    dfixul.o(.text) refers to llshl.o(.text) for __aeabi_llsl
    init.o(.text) refers to entry5.o(.ARM.Collect$$$$00000004) for __main_after_scatterload


==============================================================================

Removing Unused input sections from the image.

    Removing nokia5110.o(i.Nokia5110_Clear), (32 bytes).
    Removing nokia5110.o(i.Nokia5110_OutChar), (56 bytes).
    Removing nokia5110.o(i.Nokia5110_OutChar2), (80 bytes).
    Removing nokia5110.o(i.Nokia5110_OutString), (22 bytes).
    Removing nokia5110.o(i.Nokia5110_OutUDec), (412 bytes).
    Removing nokia5110.o(i.Nokia5110_PrintBMP), (424 bytes).
    Removing nokia5110.o(i.Nokia5110_Runner), (196 bytes).
    Removing nokia5110.o(i.Nokia5110_SetCursorChar), (104 bytes).
    Removing nokia5110.o(i.Nokia5110_TestFunctions), (108 bytes).
    Removing nokia5110.o(i.clearBitmap), (272 bytes).
    Removing nokia5110.o(i.clearBuffer), (24 bytes).
    Removing nokia5110.o(i.clearCircle), (86 bytes).
    Removing nokia5110.o(i.clearCircleLines), (114 bytes).
    Removing nokia5110.o(i.clearCirclePoints), (154 bytes).
    Removing nokia5110.o(i.clearEllipse), (392 bytes).
    Removing nokia5110.o(i.clearFilledCircle), (86 bytes).
    Removing nokia5110.o(i.clearFilledEllipse), (392 bytes).
    Removing nokia5110.o(i.clearFilledRectangle), (60 bytes).
    Removing nokia5110.o(i.clearFilledRoundRectangle), (128 bytes).
    Removing nokia5110.o(i.clearHLine), (96 bytes).
    Removing nokia5110.o(i.clearLine), (476 bytes).
    Removing nokia5110.o(i.clearPixel), (72 bytes).
    Removing nokia5110.o(i.clearRealCircle), (60 bytes).
    Removing nokia5110.o(i.clearRealFilledCircle), (60 bytes).
    Removing nokia5110.o(i.clearRectangle), (78 bytes).
    Removing nokia5110.o(i.clearRoundRectangle), (128 bytes).
    Removing nokia5110.o(i.clearVLine), (44 bytes).
    Removing nokia5110.o(i.drawCircle), (86 bytes).
    Removing nokia5110.o(i.drawCircleLines), (114 bytes).
    Removing nokia5110.o(i.drawCirclePoints), (154 bytes).
    Removing nokia5110.o(i.drawEllipse), (392 bytes).
    Removing nokia5110.o(i.drawFilledCircle), (86 bytes).
    Removing nokia5110.o(i.drawFilledEllipse), (392 bytes).
    Removing nokia5110.o(i.drawFilledRectangle), (60 bytes).
    Removing nokia5110.o(i.drawFilledRoundRectangle), (128 bytes).
    Removing nokia5110.o(i.drawHLine), (96 bytes).
    Removing nokia5110.o(i.drawLine), (480 bytes).
    Removing nokia5110.o(i.drawRealCircle), (60 bytes).
    Removing nokia5110.o(i.drawRealFilledCircle), (60 bytes).
    Removing nokia5110.o(i.drawRectangle), (78 bytes).
    Removing nokia5110.o(i.drawRoundRectangle), (128 bytes).
    Removing nokia5110.o(i.drawVLine), (44 bytes).
    Removing nokia5110.o(i.ellipseClearLines), (40 bytes).
    Removing nokia5110.o(i.ellipseClearPoints), (44 bytes).
    Removing nokia5110.o(i.ellipsePlotLines), (40 bytes).
    Removing nokia5110.o(i.ellipsePlotPoints), (44 bytes).
    Removing nokia5110.o(i.fillBuffer), (28 bytes).
    Removing nokia5110.o(i.invertPixel), (104 bytes).
    Removing nokia5110.o(i.readADC), (52 bytes).
    Removing nokia5110.o(i.readPixel), (80 bytes).
    Removing nokia5110.o(i.setContrast), (40 bytes).
    Removing nokia5110.o(i.setPixel), (72 bytes).
    Removing startup.o(HEAP), (0 bytes).
    Removing startup.o(.text), (28 bytes).
    Removing TivaES.obj(.text), (924 bytes).
    Removing TivaES.obj(.TI.symbol.alias), (9 bytes).
    Removing TivaES.obj(.TI.section.flags), (26 bytes).
    Removing fflti.o(.text), (18 bytes).
    Removing dflti.o(.text), (34 bytes).
    Removing dfixi.o(.text), (62 bytes).

60 unused section(s) (total 8159 bytes) removed from the image.

==============================================================================

Image Symbol Table

    Local Symbols

    Symbol Name                              Value     Ov Type        Size  Object(Section)

    RESET                                    0x00000000   Section      644  startup.o(RESET)
    ../clib/microlib/division.c              0x00000000   Number         0  uldiv.o ABSOLUTE
    ../clib/microlib/division.c              0x00000000   Number         0  uidiv.o ABSOLUTE
    ../clib/microlib/init/entry.s            0x00000000   Number         0  entry10a.o ABSOLUTE
    ../clib/microlib/init/entry.s            0x00000000   Number         0  entry7b.o ABSOLUTE
    ../clib/microlib/init/entry.s            0x00000000   Number         0  entry10b.o ABSOLUTE
    ../clib/microlib/init/entry.s            0x00000000   Number         0  entry11a.o ABSOLUTE
    ../clib/microlib/init/entry.s            0x00000000   Number         0  entry11b.o ABSOLUTE
    ../clib/microlib/init/entry.s            0x00000000   Number         0  entry.o ABSOLUTE
    ../clib/microlib/init/entry.s            0x00000000   Number         0  entry2.o ABSOLUTE
    ../clib/microlib/init/entry.s            0x00000000   Number         0  entry8b.o ABSOLUTE
    ../clib/microlib/init/entry.s            0x00000000   Number         0  entry9a.o ABSOLUTE
    ../clib/microlib/init/entry.s            0x00000000   Number         0  entry8a.o ABSOLUTE
    ../clib/microlib/init/entry.s            0x00000000   Number         0  entry5.o ABSOLUTE
    ../clib/microlib/init/entry.s            0x00000000   Number         0  entry9b.o ABSOLUTE
    ../clib/microlib/init/entry.s            0x00000000   Number         0  entry7a.o ABSOLUTE
    ../clib/microlib/longlong.c              0x00000000   Number         0  llsshr.o ABSOLUTE
    ../clib/microlib/longlong.c              0x00000000   Number         0  llushr.o ABSOLUTE
    ../clib/microlib/longlong.c              0x00000000   Number         0  llshl.o ABSOLUTE
    ../clib/microlib/printf/printf.c         0x00000000   Number         0  printf2.o ABSOLUTE
    ../clib/microlib/printf/printf.c         0x00000000   Number         0  printf3.o ABSOLUTE
    ../clib/microlib/printf/printf.c         0x00000000   Number         0  printf4.o ABSOLUTE
    ../clib/microlib/printf/printf.c         0x00000000   Number         0  printf6.o ABSOLUTE
    ../clib/microlib/printf/printf.c         0x00000000   Number         0  printf8.o ABSOLUTE
    ../clib/microlib/printf/printf.c         0x00000000   Number         0  printfa.o ABSOLUTE
    ../clib/microlib/printf/printf.c         0x00000000   Number         0  printf7.o ABSOLUTE
    ../clib/microlib/printf/printf.c         0x00000000   Number         0  printf5.o ABSOLUTE
    ../clib/microlib/printf/printf.c         0x00000000   Number         0  printfb.o ABSOLUTE
    ../clib/microlib/printf/printf.c         0x00000000   Number         0  printf0.o ABSOLUTE
    ../clib/microlib/printf/printf.c         0x00000000   Number         0  printf1.o ABSOLUTE
    ../clib/microlib/printf/stubs.s          0x00000000   Number         0  stubs.o ABSOLUTE
    ../clib/microlib/stdio/fputc.c           0x00000000   Number         0  fputc.o ABSOLUTE
    ../clib/microlib/stdio/semi.s            0x00000000   Number         0  semi.o ABSOLUTE
    ../clib/microlib/stdio/streams.c         0x00000000   Number         0  stdout.o ABSOLUTE
    ../clib/microlib/string/strlen.c         0x00000000   Number         0  strlen.o ABSOLUTE
    ../clib/microlib/stubs.s                 0x00000000   Number         0  iusefp.o ABSOLUTE
    ../clib/microlib/stubs.s                 0x00000000   Number         0  iusesemip.o ABSOLUTE
    ../fplib/microlib/f2d.c                  0x00000000   Number         0  f2d.o ABSOLUTE
    ../fplib/microlib/fpadd.c                0x00000000   Number         0  dadd.o ABSOLUTE
    ../fplib/microlib/fpdiv.c                0x00000000   Number         0  fdiv.o ABSOLUTE
    ../fplib/microlib/fpdiv.c                0x00000000   Number         0  ddiv.o ABSOLUTE
    ../fplib/microlib/fpepilogue.c           0x00000000   Number         0  fepilogue.o ABSOLUTE
    ../fplib/microlib/fpepilogue.c           0x00000000   Number         0  depilogue.o ABSOLUTE
    ../fplib/microlib/fpfix.c                0x00000000   Number         0  dfixul.o ABSOLUTE
    ../fplib/microlib/fpfix.c                0x00000000   Number         0  dfixi.o ABSOLUTE
    ../fplib/microlib/fpflt.c                0x00000000   Number         0  dflti.o ABSOLUTE
    ../fplib/microlib/fpflt.c                0x00000000   Number         0  ffltui.o ABSOLUTE
    ../fplib/microlib/fpflt.c                0x00000000   Number         0  fflti.o ABSOLUTE
    ../fplib/microlib/fpmul.c                0x00000000   Number         0  fmul.o ABSOLUTE
    ../fplib/microlib/fpmul.c                0x00000000   Number         0  dmul.o ABSOLUTE
    Nokia5110.c                              0x00000000   Number         0  nokia5110.o ABSOLUTE
    PuertosDFyTimer.c                        0x00000000   Number         0  puertosdfytimer.o ABSOLUTE
    Uart.c                                   0x00000000   Number         0  uart.o ABSOLUTE
    cdrcmple.s                               0x00000000   Number         0  cdrcmple.o ABSOLUTE
    dc.s                                     0x00000000   Number         0  dc.o ABSOLUTE
    handlers.s                               0x00000000   Number         0  handlers.o ABSOLUTE
    init.s                                   0x00000000   Number         0  init.o ABSOLUTE
    main.c                                   0x00000000   Number         0  main.o ABSOLUTE
    moduloADC.c                              0x00000000   Number         0  moduloadc.o ABSOLUTE
    startup.s                                0x00000000   Number         0  startup.o ABSOLUTE
    {4E21AE2F-C9FD-43F9-914C-440EE6A121A3}   0x00000000   Number         0  TivaES.obj ABSOLUTE
    .ARM.Collect$$$$00000000                 0x00000284   Section        0  entry.o(.ARM.Collect$$$$00000000)
    .ARM.Collect$$$$00000001                 0x00000284   Section        4  entry2.o(.ARM.Collect$$$$00000001)
    .ARM.Collect$$$$00000004                 0x00000288   Section        4  entry5.o(.ARM.Collect$$$$00000004)
    .ARM.Collect$$$$00000008                 0x0000028c   Section        0  entry7b.o(.ARM.Collect$$$$00000008)
    .ARM.Collect$$$$0000000A                 0x0000028c   Section        0  entry8b.o(.ARM.Collect$$$$0000000A)
    .ARM.Collect$$$$0000000B                 0x0000028c   Section        8  entry9a.o(.ARM.Collect$$$$0000000B)
    .ARM.Collect$$$$0000000D                 0x00000294   Section        0  entry10a.o(.ARM.Collect$$$$0000000D)
    .ARM.Collect$$$$0000000F                 0x00000294   Section        0  entry11a.o(.ARM.Collect$$$$0000000F)
    .ARM.Collect$$$$00002712                 0x00000294   Section        4  entry2.o(.ARM.Collect$$$$00002712)
    __lit__00000000                          0x00000294   Data           4  entry2.o(.ARM.Collect$$$$00002712)
    .text                                    0x00000298   Section        0  strlen.o(.text)
    .text                                    0x000002a6   Section        0  fmul.o(.text)
    .text                                    0x00000312   Section        0  fdiv.o(.text)
    .text                                    0x00000392   Section        0  dadd.o(.text)
    .text                                    0x000004e0   Section        0  dmul.o(.text)
    .text                                    0x000005c4   Section        0  ddiv.o(.text)
    .text                                    0x000006a2   Section        0  ffltui.o(.text)
    .text                                    0x000006ac   Section        0  f2d.o(.text)
    .text                                    0x000006d2   Section        0  uidiv.o(.text)
    .text                                    0x000006fe   Section        0  uldiv.o(.text)
    .text                                    0x00000760   Section        0  llshl.o(.text)
    .text                                    0x0000077e   Section        0  llushr.o(.text)
    .text                                    0x0000079e   Section        0  llsshr.o(.text)
    .text                                    0x000007c2   Section        0  iusefp.o(.text)
    .text                                    0x000007c2   Section        0  fepilogue.o(.text)
    .text                                    0x0000082e   Section        0  depilogue.o(.text)
    .text                                    0x000008ec   Section        0  dfixul.o(.text)
    .text                                    0x0000091c   Section       40  cdrcmple.o(.text)
    .text                                    0x00000944   Section       36  init.o(.text)
    i.ConfigUART0                            0x00000968   Section        0  uart.o(i.ConfigUART0)
    i.ConfiguraTimer_1ms                     0x00000a24   Section        0  puertosdfytimer.o(i.ConfiguraTimer_1ms)
    i.HayCarRx                               0x00000a60   Section        0  uart.o(i.HayCarRx)
    i.Nokia5110_ClearBuffer                  0x00000a78   Section        0  nokia5110.o(i.Nokia5110_ClearBuffer)
    i.Nokia5110_DisplayBuffer                0x00000a90   Section        0  nokia5110.o(i.Nokia5110_DisplayBuffer)
    i.Nokia5110_DrawFullImage                0x00000aa0   Section        0  nokia5110.o(i.Nokia5110_DrawFullImage)
    i.Nokia5110_Init                         0x00000ac4   Section        0  nokia5110.o(i.Nokia5110_Init)
    i.Nokia5110_SetCursor                    0x00000c30   Section        0  nokia5110.o(i.Nokia5110_SetCursor)
    i.RxCar                                  0x00000c60   Section        0  uart.o(i.RxCar)
    i.SysTick_Handler                        0x00000c6c   Section        0  main.o(i.SysTick_Handler)
    i.TxCadena                               0x00000cdc   Section        0  uart.o(i.TxCadena)
    i.TxCar                                  0x00000cf8   Section        0  uart.o(i.TxCar)
    i.__0snprintf                            0x00000d10   Section        0  printfa.o(i.__0snprintf)
    i.__scatterload_copy                     0x00000d38   Section       14  handlers.o(i.__scatterload_copy)
    i.__scatterload_null                     0x00000d46   Section        2  handlers.o(i.__scatterload_null)
    i.__scatterload_zeroinit                 0x00000d48   Section       14  handlers.o(i.__scatterload_zeroinit)
    i._fp_digits                             0x00000d58   Section        0  printfa.o(i._fp_digits)
    _fp_digits                               0x00000d59   Thumb Code   326  printfa.o(i._fp_digits)
    i._printf_core                           0x00000eb4   Section        0  printfa.o(i._printf_core)
    _printf_core                             0x00000eb5   Thumb Code  1762  printfa.o(i._printf_core)
    i._printf_post_padding                   0x000015a4   Section        0  printfa.o(i._printf_post_padding)
    _printf_post_padding                     0x000015a5   Thumb Code    38  printfa.o(i._printf_post_padding)
    i._printf_pre_padding                    0x000015ca   Section        0  printfa.o(i._printf_pre_padding)
    _printf_pre_padding                      0x000015cb   Thumb Code    48  printfa.o(i._printf_pre_padding)
    i._snputc                                0x000015fa   Section        0  printfa.o(i._snputc)
    _snputc                                  0x000015fb   Thumb Code    22  printfa.o(i._snputc)
    i.adquirir_muestra                       0x00001610   Section        0  moduloadc.o(i.adquirir_muestra)
    i.analizar_codigo                        0x00001638   Section        0  main.o(i.analizar_codigo)
    i.calcular_escala                        0x00001648   Section        0  main.o(i.calcular_escala)
    i.configADC                              0x000016fc   Section        0  moduloadc.o(i.configADC)
    i.configPulsadores_D                     0x000017ac   Section        0  puertosdfytimer.o(i.configPulsadores_D)
    i.config_portF                           0x0000182c   Section        0  puertosdfytimer.o(i.config_portF)
    i.copyToScreen                           0x000018f4   Section        0  nokia5110.o(i.copyToScreen)
    i.drawBitmap                             0x0000191c   Section        0  nokia5110.o(i.drawBitmap)
    i.drawByte                               0x00001964   Section        0  nokia5110.o(i.drawByte)
    i.finalizada_conversion                  0x00001a00   Section        0  moduloadc.o(i.finalizada_conversion)
    i.lcdwrite                               0x00001a10   Section        0  nokia5110.o(i.lcdwrite)
    lcdwrite                                 0x00001a11   Thumb Code    66  nokia5110.o(i.lcdwrite)
    i.main                                   0x00001a5c   Section        0  main.o(i.main)
    i.mostrar_voltaje                        0x00001ff0   Section        0  main.o(i.mostrar_voltaje)
    i.text                                   0x000021a4   Section        0  nokia5110.o(i.text)
    .constdata                               0x000027c8   Section     3360  nokia5110.o(.constdata)
    ASCII                                    0x000027c8   Data         480  nokia5110.o(.constdata)
    Terminal3x5                              0x000029a8   Data         288  nokia5110.o(.constdata)
    Terminal6x8                              0x00002ac8   Data         480  nokia5110.o(.constdata)
    Terminal11x16                            0x00002ca8   Data        2112  nokia5110.o(.constdata)
    .constdata                               0x000034e8   Section      994  main.o(.constdata)
    ASCII                                    0x000034e8   Data         480  main.o(.constdata)
    .data                                    0x20000000   Section       30  main.o(.data)
    .bss                                     0x20000020   Section     1008  nokia5110.o(.bss)
    .bss                                     0x20000410   Section      336  main.o(.bss)
    STACK                                    0x20000560   Section     1024  startup.o(STACK)
    StackMem                                 0x20000560   Data           0  startup.o(STACK)

    Global Symbols

    Symbol Name                              Value     Ov Type        Size  Object(Section)

    BuildAttributes$$THM_ISAv4$E$P$D$K$B$S$7EM$VFPv3_D16$VFMA$PE$FZ_POSZERO$A:L22UL41UL21$X:L11$S22US41US21$IEEE1$IW$USESV6$~STKCKD$USESV7$~SHL$OTIME$ROPI$EBA8$MICROLIB$REQ8$PRES8$EABIv2 0x00000000   Number         0  anon$$obj.o ABSOLUTE
    __ARM_use_no_argv                        0x00000000   Number         0  main.o ABSOLUTE
    __Vectors                                0x00000000   Data           0  startup.o(RESET)
    _printf_a                                0x00000000   Number         0  stubs.o ABSOLUTE
    _printf_c                                0x00000000   Number         0  stubs.o ABSOLUTE
    _printf_charcount                        0x00000000   Number         0  stubs.o ABSOLUTE
    _printf_d                                0x00000000   Number         0  stubs.o ABSOLUTE
    _printf_e                                0x00000000   Number         0  stubs.o ABSOLUTE
    _printf_f                                0x00000000   Number         0  stubs.o ABSOLUTE
    _printf_flags                            0x00000000   Number         0  stubs.o ABSOLUTE
    _printf_fp_dec                           0x00000000   Number         0  stubs.o ABSOLUTE
    _printf_fp_hex                           0x00000000   Number         0  stubs.o ABSOLUTE
    _printf_g                                0x00000000   Number         0  stubs.o ABSOLUTE
    _printf_i                                0x00000000   Number         0  stubs.o ABSOLUTE
    _printf_int_dec                          0x00000000   Number         0  stubs.o ABSOLUTE
    _printf_l                                0x00000000   Number         0  stubs.o ABSOLUTE
    _printf_lc                               0x00000000   Number         0  stubs.o ABSOLUTE
    _printf_ll                               0x00000000   Number         0  stubs.o ABSOLUTE
    _printf_lld                              0x00000000   Number         0  stubs.o ABSOLUTE
    _printf_lli                              0x00000000   Number         0  stubs.o ABSOLUTE
    _printf_llo                              0x00000000   Number         0  stubs.o ABSOLUTE
    _printf_llu                              0x00000000   Number         0  stubs.o ABSOLUTE
    _printf_llx                              0x00000000   Number         0  stubs.o ABSOLUTE
    _printf_longlong_dec                     0x00000000   Number         0  stubs.o ABSOLUTE
    _printf_longlong_hex                     0x00000000   Number         0  stubs.o ABSOLUTE
    _printf_longlong_oct                     0x00000000   Number         0  stubs.o ABSOLUTE
    _printf_ls                               0x00000000   Number         0  stubs.o ABSOLUTE
    _printf_mbtowc                           0x00000000   Number         0  stubs.o ABSOLUTE
    _printf_n                                0x00000000   Number         0  stubs.o ABSOLUTE
    _printf_o                                0x00000000   Number         0  stubs.o ABSOLUTE
    _printf_p                                0x00000000   Number         0  stubs.o ABSOLUTE
    _printf_percent                          0x00000000   Number         0  stubs.o ABSOLUTE
    _printf_pre_padding                      0x00000000   Number         0  stubs.o ABSOLUTE
    _printf_return_value                     0x00000000   Number         0  stubs.o ABSOLUTE
    _printf_s                                0x00000000   Number         0  stubs.o ABSOLUTE
    _printf_sizespec                         0x00000000   Number         0  stubs.o ABSOLUTE
    _printf_str                              0x00000000   Number         0  stubs.o ABSOLUTE
    _printf_truncate_signed                  0x00000000   Number         0  stubs.o ABSOLUTE
    _printf_truncate_unsigned                0x00000000   Number         0  stubs.o ABSOLUTE
    _printf_u                                0x00000000   Number         0  stubs.o ABSOLUTE
    _printf_wc                               0x00000000   Number         0  stubs.o ABSOLUTE
    _printf_wctomb                           0x00000000   Number         0  stubs.o ABSOLUTE
    _printf_widthprec                        0x00000000   Number         0  stubs.o ABSOLUTE
    _printf_x                                0x00000000   Number         0  stubs.o ABSOLUTE
    __cpp_initialize__aeabi_                  - Undefined Weak Reference
    __cxa_finalize                            - Undefined Weak Reference
    __decompress                              - Undefined Weak Reference
    _clock_init                               - Undefined Weak Reference
    _microlib_exit                            - Undefined Weak Reference
    Reset_Handler                            0x0000026d   Thumb Code     0  startup.o(RESET)
    NMI_Handler                              0x00000271   Thumb Code     2  startup.o(RESET)
    HardFault_Handler                        0x00000273   Thumb Code     2  startup.o(RESET)
    MemManage_Handler                        0x00000275   Thumb Code     2  startup.o(RESET)
    BusFault_Handler                         0x00000277   Thumb Code     2  startup.o(RESET)
    UsageFault_Handler                       0x00000279   Thumb Code     2  startup.o(RESET)
    SVC_Handler                              0x0000027b   Thumb Code     2  startup.o(RESET)
    DebugMon_Handler                         0x0000027d   Thumb Code     2  startup.o(RESET)
    PendSV_Handler                           0x0000027f   Thumb Code     2  startup.o(RESET)
    ADC0Seq0_Handler                         0x00000283   Thumb Code     0  startup.o(RESET)
    ADC0Seq1_Handler                         0x00000283   Thumb Code     0  startup.o(RESET)
    ADC0Seq2_Handler                         0x00000283   Thumb Code     0  startup.o(RESET)
    ADC0Seq3_Handler                         0x00000283   Thumb Code     0  startup.o(RESET)
    ADC1Seq0_Handler                         0x00000283   Thumb Code     0  startup.o(RESET)
    ADC1Seq1_Handler                         0x00000283   Thumb Code     0  startup.o(RESET)
    ADC1Seq2_Handler                         0x00000283   Thumb Code     0  startup.o(RESET)
    ADC1Seq3_Handler                         0x00000283   Thumb Code     0  startup.o(RESET)
    CAN0_Handler                             0x00000283   Thumb Code     0  startup.o(RESET)
    CAN1_Handler                             0x00000283   Thumb Code     0  startup.o(RESET)
    CAN2_Handler                             0x00000283   Thumb Code     0  startup.o(RESET)
    Comp0_Handler                            0x00000283   Thumb Code     0  startup.o(RESET)
    Comp1_Handler                            0x00000283   Thumb Code     0  startup.o(RESET)
    Comp2_Handler                            0x00000283   Thumb Code     0  startup.o(RESET)
    Ethernet_Handler                         0x00000283   Thumb Code     0  startup.o(RESET)
    ExtBus_Handler                           0x00000283   Thumb Code     0  startup.o(RESET)
    FPU_Handler                              0x00000283   Thumb Code     0  startup.o(RESET)
    Fan0_Handler                             0x00000283   Thumb Code     0  startup.o(RESET)
    FlashCtl_Handler                         0x00000283   Thumb Code     0  startup.o(RESET)
    GPIOPortA_Handler                        0x00000283   Thumb Code     0  startup.o(RESET)
    GPIOPortB_Handler                        0x00000283   Thumb Code     0  startup.o(RESET)
    GPIOPortC_Handler                        0x00000283   Thumb Code     0  startup.o(RESET)
    GPIOPortD_Handler                        0x00000283   Thumb Code     0  startup.o(RESET)
    GPIOPortE_Handler                        0x00000283   Thumb Code     0  startup.o(RESET)
    GPIOPortF_Handler                        0x00000283   Thumb Code     0  startup.o(RESET)
    GPIOPortG_Handler                        0x00000283   Thumb Code     0  startup.o(RESET)
    GPIOPortH_Handler                        0x00000283   Thumb Code     0  startup.o(RESET)
    GPIOPortJ_Handler                        0x00000283   Thumb Code     0  startup.o(RESET)
    GPIOPortK_Handler                        0x00000283   Thumb Code     0  startup.o(RESET)
    GPIOPortL_Handler                        0x00000283   Thumb Code     0  startup.o(RESET)
    GPIOPortM_Handler                        0x00000283   Thumb Code     0  startup.o(RESET)
    GPIOPortN_Handler                        0x00000283   Thumb Code     0  startup.o(RESET)
    GPIOPortP1_Handler                       0x00000283   Thumb Code     0  startup.o(RESET)
    GPIOPortP2_Handler                       0x00000283   Thumb Code     0  startup.o(RESET)
    GPIOPortP3_Handler                       0x00000283   Thumb Code     0  startup.o(RESET)
    GPIOPortP4_Handler                       0x00000283   Thumb Code     0  startup.o(RESET)
    GPIOPortP5_Handler                       0x00000283   Thumb Code     0  startup.o(RESET)
    GPIOPortP6_Handler                       0x00000283   Thumb Code     0  startup.o(RESET)
    GPIOPortP7_Handler                       0x00000283   Thumb Code     0  startup.o(RESET)
    GPIOPortP_Handler                        0x00000283   Thumb Code     0  startup.o(RESET)
    GPIOPortQ1_Handler                       0x00000283   Thumb Code     0  startup.o(RESET)
    GPIOPortQ2_Handler                       0x00000283   Thumb Code     0  startup.o(RESET)
    GPIOPortQ3_Handler                       0x00000283   Thumb Code     0  startup.o(RESET)
    GPIOPortQ4_Handler                       0x00000283   Thumb Code     0  startup.o(RESET)
    GPIOPortQ5_Handler                       0x00000283   Thumb Code     0  startup.o(RESET)
    GPIOPortQ6_Handler                       0x00000283   Thumb Code     0  startup.o(RESET)
    GPIOPortQ7_Handler                       0x00000283   Thumb Code     0  startup.o(RESET)
    GPIOPortQ_Handler                        0x00000283   Thumb Code     0  startup.o(RESET)
    GPIOPortR_Handler                        0x00000283   Thumb Code     0  startup.o(RESET)
    GPIOPortS_Handler                        0x00000283   Thumb Code     0  startup.o(RESET)
    Hibernate_Handler                        0x00000283   Thumb Code     0  startup.o(RESET)
    I2C0_Handler                             0x00000283   Thumb Code     0  startup.o(RESET)
    I2C1_Handler                             0x00000283   Thumb Code     0  startup.o(RESET)
    I2C2_Handler                             0x00000283   Thumb Code     0  startup.o(RESET)
    I2C3_Handler                             0x00000283   Thumb Code     0  startup.o(RESET)
    I2C4_Handler                             0x00000283   Thumb Code     0  startup.o(RESET)
    I2C5_Handler                             0x00000283   Thumb Code     0  startup.o(RESET)
    I2S0_Handler                             0x00000283   Thumb Code     0  startup.o(RESET)
    LPC0_Handler                             0x00000283   Thumb Code     0  startup.o(RESET)
    PECI0_Handler                            0x00000283   Thumb Code     0  startup.o(RESET)
    PWM0Fault_Handler                        0x00000283   Thumb Code     0  startup.o(RESET)
    PWM0Generator0_Handler                   0x00000283   Thumb Code     0  startup.o(RESET)
    PWM0Generator1_Handler                   0x00000283   Thumb Code     0  startup.o(RESET)
    PWM0Generator2_Handler                   0x00000283   Thumb Code     0  startup.o(RESET)
    PWM0Generator3_Handler                   0x00000283   Thumb Code     0  startup.o(RESET)
    PWM1Fault_Handler                        0x00000283   Thumb Code     0  startup.o(RESET)
    PWM1Generator0_Handler                   0x00000283   Thumb Code     0  startup.o(RESET)
    PWM1Generator1_Handler                   0x00000283   Thumb Code     0  startup.o(RESET)
    PWM1Generator2_Handler                   0x00000283   Thumb Code     0  startup.o(RESET)
    PWM1Generator3_Handler                   0x00000283   Thumb Code     0  startup.o(RESET)
    Quadrature0_Handler                      0x00000283   Thumb Code     0  startup.o(RESET)
    Quadrature1_Handler                      0x00000283   Thumb Code     0  startup.o(RESET)
    Quadrature2_Handler                      0x00000283   Thumb Code     0  startup.o(RESET)
    SSI0_Handler                             0x00000283   Thumb Code     0  startup.o(RESET)
    SSI1_Handler                             0x00000283   Thumb Code     0  startup.o(RESET)
    SSI2_Handler                             0x00000283   Thumb Code     0  startup.o(RESET)
    SSI3_Handler                             0x00000283   Thumb Code     0  startup.o(RESET)
    SysCtl_Handler                           0x00000283   Thumb Code     0  startup.o(RESET)
    Timer0A_Handler                          0x00000283   Thumb Code     0  startup.o(RESET)
    Timer0B_Handler                          0x00000283   Thumb Code     0  startup.o(RESET)
    Timer1A_Handler                          0x00000283   Thumb Code     0  startup.o(RESET)
    Timer1B_Handler                          0x00000283   Thumb Code     0  startup.o(RESET)
    Timer2A_Handler                          0x00000283   Thumb Code     0  startup.o(RESET)
    Timer2B_Handler                          0x00000283   Thumb Code     0  startup.o(RESET)
    Timer3A_Handler                          0x00000283   Thumb Code     0  startup.o(RESET)
    Timer3B_Handler                          0x00000283   Thumb Code     0  startup.o(RESET)
    Timer4A_Handler                          0x00000283   Thumb Code     0  startup.o(RESET)
    Timer4B_Handler                          0x00000283   Thumb Code     0  startup.o(RESET)
    Timer5A_Handler                          0x00000283   Thumb Code     0  startup.o(RESET)
    Timer5B_Handler                          0x00000283   Thumb Code     0  startup.o(RESET)
    UART0_Handler                            0x00000283   Thumb Code     0  startup.o(RESET)
    UART1_Handler                            0x00000283   Thumb Code     0  startup.o(RESET)
    UART2_Handler                            0x00000283   Thumb Code     0  startup.o(RESET)
    UART3_Handler                            0x00000283   Thumb Code     0  startup.o(RESET)
    UART4_Handler                            0x00000283   Thumb Code     0  startup.o(RESET)
    UART5_Handler                            0x00000283   Thumb Code     0  startup.o(RESET)
    UART6_Handler                            0x00000283   Thumb Code     0  startup.o(RESET)
    UART7_Handler                            0x00000283   Thumb Code     0  startup.o(RESET)
    USB0_Handler                             0x00000283   Thumb Code     0  startup.o(RESET)
    WDT_Handler                              0x00000283   Thumb Code     0  startup.o(RESET)
    WideTimer0A_Handler                      0x00000283   Thumb Code     0  startup.o(RESET)
    WideTimer0B_Handler                      0x00000283   Thumb Code     0  startup.o(RESET)
    WideTimer1A_Handler                      0x00000283   Thumb Code     0  startup.o(RESET)
    WideTimer1B_Handler                      0x00000283   Thumb Code     0  startup.o(RESET)
    WideTimer2A_Handler                      0x00000283   Thumb Code     0  startup.o(RESET)
    WideTimer2B_Handler                      0x00000283   Thumb Code     0  startup.o(RESET)
    WideTimer3A_Handler                      0x00000283   Thumb Code     0  startup.o(RESET)
    WideTimer3B_Handler                      0x00000283   Thumb Code     0  startup.o(RESET)
    WideTimer4A_Handler                      0x00000283   Thumb Code     0  startup.o(RESET)
    WideTimer4B_Handler                      0x00000283   Thumb Code     0  startup.o(RESET)
    WideTimer5A_Handler                      0x00000283   Thumb Code     0  startup.o(RESET)
    WideTimer5B_Handler                      0x00000283   Thumb Code     0  startup.o(RESET)
    uDMA_Error                               0x00000283   Thumb Code     0  startup.o(RESET)
    uDMA_Handler                             0x00000283   Thumb Code     0  startup.o(RESET)
    __main                                   0x00000285   Thumb Code     0  entry.o(.ARM.Collect$$$$00000000)
    _main_stk                                0x00000285   Thumb Code     0  entry2.o(.ARM.Collect$$$$00000001)
    _main_scatterload                        0x00000289   Thumb Code     0  entry5.o(.ARM.Collect$$$$00000004)
    __main_after_scatterload                 0x0000028d   Thumb Code     0  entry5.o(.ARM.Collect$$$$00000004)
    _main_clock                              0x0000028d   Thumb Code     0  entry7b.o(.ARM.Collect$$$$00000008)
    _main_cpp_init                           0x0000028d   Thumb Code     0  entry8b.o(.ARM.Collect$$$$0000000A)
    _main_init                               0x0000028d   Thumb Code     0  entry9a.o(.ARM.Collect$$$$0000000B)
    __rt_final_cpp                           0x00000295   Thumb Code     0  entry10a.o(.ARM.Collect$$$$0000000D)
    __rt_final_exit                          0x00000295   Thumb Code     0  entry11a.o(.ARM.Collect$$$$0000000F)
    strlen                                   0x00000299   Thumb Code    14  strlen.o(.text)
    __aeabi_fmul                             0x000002a7   Thumb Code   108  fmul.o(.text)
    __aeabi_fdiv                             0x00000313   Thumb Code   128  fdiv.o(.text)
    __aeabi_dadd                             0x00000393   Thumb Code   322  dadd.o(.text)
    __aeabi_dsub                             0x000004d5   Thumb Code     6  dadd.o(.text)
    __aeabi_drsub                            0x000004db   Thumb Code     6  dadd.o(.text)
    __aeabi_dmul                             0x000004e1   Thumb Code   228  dmul.o(.text)
    __aeabi_ddiv                             0x000005c5   Thumb Code   222  ddiv.o(.text)
    __aeabi_ui2f                             0x000006a3   Thumb Code    10  ffltui.o(.text)
    __aeabi_f2d                              0x000006ad   Thumb Code    38  f2d.o(.text)
    __aeabi_uidiv                            0x000006d3   Thumb Code     0  uidiv.o(.text)
    __aeabi_uidivmod                         0x000006d3   Thumb Code    44  uidiv.o(.text)
    __aeabi_uldivmod                         0x000006ff   Thumb Code    98  uldiv.o(.text)
    __aeabi_llsl                             0x00000761   Thumb Code    30  llshl.o(.text)
    _ll_shift_l                              0x00000761   Thumb Code     0  llshl.o(.text)
    __aeabi_llsr                             0x0000077f   Thumb Code    32  llushr.o(.text)
    _ll_ushift_r                             0x0000077f   Thumb Code     0  llushr.o(.text)
    __aeabi_lasr                             0x0000079f   Thumb Code    36  llsshr.o(.text)
    _ll_sshift_r                             0x0000079f   Thumb Code     0  llsshr.o(.text)
    __I$use$fp                               0x000007c3   Thumb Code     0  iusefp.o(.text)
    _float_round                             0x000007c3   Thumb Code    18  fepilogue.o(.text)
    _float_epilogue                          0x000007d5   Thumb Code    90  fepilogue.o(.text)
    _double_round                            0x0000082f   Thumb Code    26  depilogue.o(.text)
    _double_epilogue                         0x00000849   Thumb Code   164  depilogue.o(.text)
    __aeabi_d2ulz                            0x000008ed   Thumb Code    48  dfixul.o(.text)
    __aeabi_cdrcmple                         0x0000091d   Thumb Code    38  cdrcmple.o(.text)
    __scatterload                            0x00000945   Thumb Code    28  init.o(.text)
    __scatterload_rt2                        0x00000945   Thumb Code     0  init.o(.text)
    ConfigUART0                              0x00000969   Thumb Code   158  uart.o(i.ConfigUART0)
    ConfiguraTimer_1ms                       0x00000a25   Thumb Code    58  puertosdfytimer.o(i.ConfiguraTimer_1ms)
    HayCarRx                                 0x00000a61   Thumb Code    18  uart.o(i.HayCarRx)
    Nokia5110_ClearBuffer                    0x00000a79   Thumb Code    20  nokia5110.o(i.Nokia5110_ClearBuffer)
    Nokia5110_DisplayBuffer                  0x00000a91   Thumb Code    10  nokia5110.o(i.Nokia5110_DisplayBuffer)
    Nokia5110_DrawFullImage                  0x00000aa1   Thumb Code    34  nokia5110.o(i.Nokia5110_DrawFullImage)
    Nokia5110_Init                           0x00000ac5   Thumb Code   316  nokia5110.o(i.Nokia5110_Init)
    Nokia5110_SetCursor                      0x00000c31   Thumb Code    48  nokia5110.o(i.Nokia5110_SetCursor)
    RxCar                                    0x00000c61   Thumb Code     8  uart.o(i.RxCar)
    SysTick_Handler                          0x00000c6d   Thumb Code    86  main.o(i.SysTick_Handler)
    TxCadena                                 0x00000cdd   Thumb Code    26  uart.o(i.TxCadena)
    TxCar                                    0x00000cf9   Thumb Code    18  uart.o(i.TxCar)
    __0snprintf                              0x00000d11   Thumb Code    36  printfa.o(i.__0snprintf)
    __1snprintf                              0x00000d11   Thumb Code     0  printfa.o(i.__0snprintf)
    __2snprintf                              0x00000d11   Thumb Code     0  printfa.o(i.__0snprintf)
    __c89snprintf                            0x00000d11   Thumb Code     0  printfa.o(i.__0snprintf)
    snprintf                                 0x00000d11   Thumb Code     0  printfa.o(i.__0snprintf)
    __scatterload_copy                       0x00000d39   Thumb Code    14  handlers.o(i.__scatterload_copy)
    __scatterload_null                       0x00000d47   Thumb Code     2  handlers.o(i.__scatterload_null)
    __scatterload_zeroinit                   0x00000d49   Thumb Code    14  handlers.o(i.__scatterload_zeroinit)
    adquirir_muestra                         0x00001611   Thumb Code    32  moduloadc.o(i.adquirir_muestra)
    analizar_codigo                          0x00001639   Thumb Code    16  main.o(i.analizar_codigo)
    calcular_escala                          0x00001649   Thumb Code   160  main.o(i.calcular_escala)
    configADC                                0x000016fd   Thumb Code   150  moduloadc.o(i.configADC)
    configPulsadores_D                       0x000017ad   Thumb Code   110  puertosdfytimer.o(i.configPulsadores_D)
    config_portF                             0x0000182d   Thumb Code   170  puertosdfytimer.o(i.config_portF)
    copyToScreen                             0x000018f5   Thumb Code    34  nokia5110.o(i.copyToScreen)
    drawBitmap                               0x0000191d   Thumb Code    72  nokia5110.o(i.drawBitmap)
    drawByte                                 0x00001965   Thumb Code   152  nokia5110.o(i.drawByte)
    finalizada_conversion                    0x00001a01   Thumb Code    10  moduloadc.o(i.finalizada_conversion)
    main                                     0x00001a5d   Thumb Code  1408  main.o(i.main)
    mostrar_voltaje                          0x00001ff1   Thumb Code   384  main.o(i.mostrar_voltaje)
    text                                     0x000021a5   Thumb Code  1564  nokia5110.o(i.text)
    init                                     0x000036c8   Data         504  main.o(.constdata)
    obs                                      0x000038c0   Data           4  main.o(.constdata)
    linea_cur                                0x000038c4   Data           6  main.o(.constdata)
    Region$$Table$$Base                      0x000038cc   Number         0  anon$$obj.o(Region$$Table)
    Region$$Table$$Limit                     0x000038ec   Number         0  anon$$obj.o(Region$$Table)
    cursor_on                                0x20000000   Data           2  main.o(.data)
    x_cursor_1                               0x20000002   Data           2  main.o(.data)
    x_cursor_2                               0x20000004   Data           2  main.o(.data)
    dez                                      0x20000006   Data           2  main.o(.data)
    amp                                      0x20000008   Data           2  main.o(.data)
    escala_1                                 0x2000000a   Data           2  main.o(.data)
    escala                                   0x2000000c   Data           2  main.o(.data)
    view                                     0x2000000e   Data           2  main.o(.data)
    esp                                      0x20000010   Data           2  main.o(.data)
    horizontal                               0x20000012   Data           2  main.o(.data)
    contActualizarPantalla                   0x20000014   Data           1  main.o(.data)
    pausa                                    0x20000015   Data           1  main.o(.data)
    TiempoDeLectura                          0x20000016   Data           2  main.o(.data)
    x_pos                                    0x20000018   Data           2  main.o(.data)
    ActualizarPantalla                       0x2000001a   Data           1  main.o(.data)
    contTiempoDeLectura                      0x2000001c   Data           2  main.o(.data)
    null                                     0x20000020   Data         504  nokia5110.o(.bss)
    Screen                                   0x20000218   Data         504  nokia5110.o(.bss)
    muestras_y_pos                           0x20000410   Data         168  main.o(.bss)
    muestras                                 0x200004b8   Data         168  main.o(.bss)
    __initial_sp                             0x20000960   Data           0  startup.o(STACK)



==============================================================================

Memory Map of the image

  Image Entry point : 0x0000026d

  Load Region LR_1 (Base: 0x00000000, Size: 0x0000390c, Max: 0xffffffff, ABSOLUTE)

    Execution Region ER_RO (Base: 0x00000000, Size: 0x000038ec, Max: 0xffffffff, ABSOLUTE)

    Base Addr    Size         Type   Attr      Idx    E Section Name        Object

    0x00000000   0x00000284   Code   RO          415  * RESET               startup.o
    0x00000284   0x00000000   Code   RO          602  * .ARM.Collect$$$$00000000  mc_w.l(entry.o)
    0x00000284   0x00000004   Code   RO          888    .ARM.Collect$$$$00000001  mc_w.l(entry2.o)
    0x00000288   0x00000004   Code   RO          891    .ARM.Collect$$$$00000004  mc_w.l(entry5.o)
    0x0000028c   0x00000000   Code   RO          893    .ARM.Collect$$$$00000008  mc_w.l(entry7b.o)
    0x0000028c   0x00000000   Code   RO          895    .ARM.Collect$$$$0000000A  mc_w.l(entry8b.o)
    0x0000028c   0x00000008   Code   RO          896    .ARM.Collect$$$$0000000B  mc_w.l(entry9a.o)
    0x00000294   0x00000000   Code   RO          898    .ARM.Collect$$$$0000000D  mc_w.l(entry10a.o)
    0x00000294   0x00000000   Code   RO          900    .ARM.Collect$$$$0000000F  mc_w.l(entry11a.o)
    0x00000294   0x00000004   Code   RO          889    .ARM.Collect$$$$00002712  mc_w.l(entry2.o)
    0x00000298   0x0000000e   Code   RO          605    .text               mc_w.l(strlen.o)
    0x000002a6   0x0000006c   Code   RO          868    .text               mf_w.l(fmul.o)
    0x00000312   0x00000080   Code   RO          870    .text               mf_w.l(fdiv.o)
    0x00000392   0x0000014e   Code   RO          872    .text               mf_w.l(dadd.o)
    0x000004e0   0x000000e4   Code   RO          874    .text               mf_w.l(dmul.o)
    0x000005c4   0x000000de   Code   RO          876    .text               mf_w.l(ddiv.o)
    0x000006a2   0x0000000a   Code   RO          880    .text               mf_w.l(ffltui.o)
    0x000006ac   0x00000026   Code   RO          886    .text               mf_w.l(f2d.o)
    0x000006d2   0x0000002c   Code   RO          905    .text               mc_w.l(uidiv.o)
    0x000006fe   0x00000062   Code   RO          907    .text               mc_w.l(uldiv.o)
    0x00000760   0x0000001e   Code   RO          909    .text               mc_w.l(llshl.o)
    0x0000077e   0x00000020   Code   RO          911    .text               mc_w.l(llushr.o)
    0x0000079e   0x00000024   Code   RO          913    .text               mc_w.l(llsshr.o)
    0x000007c2   0x00000000   Code   RO          915    .text               mc_w.l(iusefp.o)
    0x000007c2   0x0000006c   Code   RO          916    .text               mf_w.l(fepilogue.o)
    0x0000082e   0x000000be   Code   RO          918    .text               mf_w.l(depilogue.o)
    0x000008ec   0x00000030   Code   RO          920    .text               mf_w.l(dfixul.o)
    0x0000091c   0x00000028   Code   RO          922    .text               mf_w.l(cdrcmple.o)
    0x00000944   0x00000024   Code   RO          924    .text               mc_w.l(init.o)
    0x00000968   0x000000bc   Code   RO          542    i.ConfigUART0       uart.o
    0x00000a24   0x0000003a   Code   RO          578    i.ConfiguraTimer_1ms  puertosdfytimer.o
    0x00000a5e   0x00000002   PAD
    0x00000a60   0x00000018   Code   RO          543    i.HayCarRx          uart.o
    0x00000a78   0x00000018   Code   RO            2    i.Nokia5110_ClearBuffer  nokia5110.o
    0x00000a90   0x00000010   Code   RO            3    i.Nokia5110_DisplayBuffer  nokia5110.o
    0x00000aa0   0x00000022   Code   RO            4    i.Nokia5110_DrawFullImage  nokia5110.o
    0x00000ac2   0x00000002   PAD
    0x00000ac4   0x0000016c   Code   RO            5    i.Nokia5110_Init    nokia5110.o
    0x00000c30   0x00000030   Code   RO           12    i.Nokia5110_SetCursor  nokia5110.o
    0x00000c60   0x0000000c   Code   RO          544    i.RxCar             uart.o
    0x00000c6c   0x00000070   Code   RO          423    i.SysTick_Handler   main.o
    0x00000cdc   0x0000001a   Code   RO          545    i.TxCadena          uart.o
    0x00000cf6   0x00000002   PAD
    0x00000cf8   0x00000018   Code   RO          546    i.TxCar             uart.o
    0x00000d10   0x00000028   Code   RO          841    i.__0snprintf       mc_w.l(printfa.o)
    0x00000d38   0x0000000e   Code   RO          930    i.__scatterload_copy  mc_w.l(handlers.o)
    0x00000d46   0x00000002   Code   RO          931    i.__scatterload_null  mc_w.l(handlers.o)
    0x00000d48   0x0000000e   Code   RO          932    i.__scatterload_zeroinit  mc_w.l(handlers.o)
    0x00000d56   0x00000002   PAD
    0x00000d58   0x0000015c   Code   RO          847    i._fp_digits        mc_w.l(printfa.o)
    0x00000eb4   0x000006f0   Code   RO          848    i._printf_core      mc_w.l(printfa.o)
    0x000015a4   0x00000026   Code   RO          849    i._printf_post_padding  mc_w.l(printfa.o)
    0x000015ca   0x00000030   Code   RO          850    i._printf_pre_padding  mc_w.l(printfa.o)
    0x000015fa   0x00000016   Code   RO          851    i._snputc           mc_w.l(printfa.o)
    0x00001610   0x00000028   Code   RO          518    i.adquirir_muestra  moduloadc.o
    0x00001638   0x00000010   Code   RO          424    i.analizar_codigo   main.o
    0x00001648   0x000000b4   Code   RO          425    i.calcular_escala   main.o
    0x000016fc   0x000000b0   Code   RO          519    i.configADC         moduloadc.o
    0x000017ac   0x00000080   Code   RO          579    i.configPulsadores_D  puertosdfytimer.o
    0x0000182c   0x000000c8   Code   RO          580    i.config_portF      puertosdfytimer.o
    0x000018f4   0x00000028   Code   RO           33    i.copyToScreen      nokia5110.o
    0x0000191c   0x00000048   Code   RO           34    i.drawBitmap        nokia5110.o
    0x00001964   0x0000009c   Code   RO           35    i.drawByte          nokia5110.o
    0x00001a00   0x00000010   Code   RO          520    i.finalizada_conversion  moduloadc.o
    0x00001a10   0x0000004c   Code   RO           57    i.lcdwrite          nokia5110.o
    0x00001a5c   0x00000594   Code   RO          426    i.main              main.o
    0x00001ff0   0x000001b4   Code   RO          427    i.mostrar_voltaje   main.o
    0x000021a4   0x00000624   Code   RO           62    i.text              nokia5110.o
    0x000027c8   0x00000d20   Data   RO           64    .constdata          nokia5110.o
    0x000034e8   0x000003e2   Data   RO          429    .constdata          main.o
    0x000038ca   0x00000002   PAD
    0x000038cc   0x00000020   Data   RO          928    Region$$Table       anon$$obj.o


    Execution Region ER_RW (Base: 0x20000000, Size: 0x00000020, Max: 0xffffffff, ABSOLUTE)

    Base Addr    Size         Type   Attr      Idx    E Section Name        Object

    0x20000000   0x0000001e   Data   RW          430    .data               main.o


    Execution Region ER_ZI (Base: 0x20000020, Size: 0x00000940, Max: 0xffffffff, ABSOLUTE)

    Base Addr    Size         Type   Attr      Idx    E Section Name        Object

    0x20000020   0x000003f0   Zero   RW           63    .bss                nokia5110.o
    0x20000410   0x00000150   Zero   RW          428    .bss                main.o
    0x20000560   0x00000400   Zero   RW          413    STACK               startup.o


==============================================================================

Image component sizes


      Code (inc. data)   RO Data    RW Data    ZI Data      Debug   Object Name

      2172        206        994         30        336       4594   main.o
       232         40          0          0          0       1171   moduloadc.o
      2402        102       3360          0       1008      12671   nokia5110.o
       386         48          0          0          0       1161   puertosdfytimer.o
       644        620          0          0       1024        676   startup.o
       274         46          0          0          0       2148   uart.o

    ----------------------------------------------------------------------
      6116       1062       4388         32       2368      22421   Object Totals
         0          0         32          0          0          0   (incl. Generated)
         6          0          2          2          0          0   (incl. Padding)

    ----------------------------------------------------------------------

      Code (inc. data)   RO Data    RW Data    ZI Data      Debug   Library Member Name

         0          0          0          0          0          0   entry.o
         0          0          0          0          0          0   entry10a.o
         0          0          0          0          0          0   entry11a.o
         8          4          0          0          0          0   entry2.o
         4          0          0          0          0          0   entry5.o
         0          0          0          0          0          0   entry7b.o
         0          0          0          0          0          0   entry8b.o
         8          4          0          0          0          0   entry9a.o
        30          0          0          0          0          0   handlers.o
        36          8          0          0          0         68   init.o
         0          0          0          0          0          0   iusefp.o
        30          0          0          0          0         68   llshl.o
        36          0          0          0          0         68   llsshr.o
        32          0          0          0          0         68   llushr.o
      2272         84          0          0          0        512   printfa.o
        14          0          0          0          0         68   strlen.o
        44          0          0          0          0         80   uidiv.o
        98          0          0          0          0         92   uldiv.o
        40          2          0          0          0         68   cdrcmple.o
       334          0          0          0          0        148   dadd.o
       222          0          0          0          0        100   ddiv.o
       190          0          0          0          0        176   depilogue.o
        48          0          0          0          0         68   dfixul.o
       228          0          0          0          0         96   dmul.o
        38          0          0          0          0         68   f2d.o
       128          0          0          0          0         88   fdiv.o
       108          0          0          0          0        168   fepilogue.o
        10          0          0          0          0         68   ffltui.o
       108          0          0          0          0         76   fmul.o

    ----------------------------------------------------------------------
      4068        102          0          0          0       2148   Library Totals
         2          0          0          0          0          0   (incl. Padding)

    ----------------------------------------------------------------------

      Code (inc. data)   RO Data    RW Data    ZI Data      Debug   Library Name

      2612        100          0          0          0       1024   mc_w.l
      1454          2          0          0          0       1124   mf_w.l

    ----------------------------------------------------------------------
      4068        102          0          0          0       2148   Library Totals

    ----------------------------------------------------------------------

==============================================================================


      Code (inc. data)   RO Data    RW Data    ZI Data      Debug   

     10184       1164       4388         32       2368      22229   Grand Totals
     10184       1164       4388         32       2368      22229   ELF Image Totals
     10184       1164       4388         32          0          0   ROM Totals

==============================================================================

    Total RO  Size (Code + RO Data)                14572 (  14.23kB)
    Total RW  Size (RW Data + ZI Data)              2400 (   2.34kB)
    Total ROM Size (Code + RO Data + RW Data)      14604 (  14.26kB)

==============================================================================

