ARM Linker, 5.03 [Build 76] [MDK-ARM Lite]

==============================================================================

Section Cross References

    nokia5110.o(i.Nokia5110_Clear) refers to nokia5110.o(i.lcdwrite) for lcdwrite
    nokia5110.o(i.Nokia5110_Clear) refers to nokia5110.o(i.Nokia5110_SetCursor) for Nokia5110_SetCursor
    nokia5110.o(i.Nokia5110_ClearBuffer) refers to nokia5110.o(.bss) for Screen
    nokia5110.o(i.Nokia5110_DisplayBuffer) refers to nokia5110.o(i.Nokia5110_DrawFullImage) for Nokia5110_DrawFullImage
    nokia5110.o(i.Nokia5110_DisplayBuffer) refers to nokia5110.o(.bss) for Screen
    nokia5110.o(i.Nokia5110_DrawFullImage) refers to nokia5110.o(i.Nokia5110_SetCursor) for Nokia5110_SetCursor
    nokia5110.o(i.Nokia5110_DrawFullImage) refers to nokia5110.o(i.lcdwrite) for lcdwrite
    nokia5110.o(i.Nokia5110_Init) refers to nokia5110.o(i.lcdwrite) for lcdwrite
    nokia5110.o(i.Nokia5110_OutChar) refers to nokia5110.o(i.lcdwrite) for lcdwrite
    nokia5110.o(i.Nokia5110_OutChar) refers to nokia5110.o(.constdata) for ASCII
    nokia5110.o(i.Nokia5110_OutChar2) refers to nokia5110.o(i.lcdwrite) for lcdwrite
    nokia5110.o(i.Nokia5110_OutChar2) refers to nokia5110.o(.constdata) for ASCII
    nokia5110.o(i.Nokia5110_OutString) refers to nokia5110.o(i.Nokia5110_OutChar) for Nokia5110_OutChar
    nokia5110.o(i.Nokia5110_OutUDec) refers to nokia5110.o(i.Nokia5110_OutString) for Nokia5110_OutString
    nokia5110.o(i.Nokia5110_OutUDec) refers to nokia5110.o(i.Nokia5110_OutChar) for Nokia5110_OutChar
    nokia5110.o(i.Nokia5110_PrintBMP) refers to nokia5110.o(.bss) for Screen
    nokia5110.o(i.Nokia5110_Runner) refers to printf1.o(i.__0sprintf$1) for __2sprintf
    nokia5110.o(i.Nokia5110_Runner) refers to TivaES.obj(.text) for TivaES_LeePulsador
    nokia5110.o(i.Nokia5110_Runner) refers to nokia5110.o(i.readADC) for readADC
    nokia5110.o(i.Nokia5110_Runner) refers to nokia5110.o(i.drawBitmap) for drawBitmap
    nokia5110.o(i.Nokia5110_Runner) refers to nokia5110.o(i.text) for text
    nokia5110.o(i.Nokia5110_Runner) refers to nokia5110.o(i.copyToScreen) for copyToScreen
    nokia5110.o(i.Nokia5110_SetCursor) refers to nokia5110.o(i.lcdwrite) for lcdwrite
    nokia5110.o(i.Nokia5110_SetCursorChar) refers to nokia5110.o(i.lcdwrite) for lcdwrite
    nokia5110.o(i.Nokia5110_SetCursorChar) refers to nokia5110.o(i.Nokia5110_OutChar) for Nokia5110_OutChar
    nokia5110.o(i.Nokia5110_SetCursorChar) refers to nokia5110.o(i.Nokia5110_OutChar2) for Nokia5110_OutChar2
    nokia5110.o(i.Nokia5110_TestFunctions) refers to nokia5110.o(i.clearBuffer) for clearBuffer
    nokia5110.o(i.Nokia5110_TestFunctions) refers to nokia5110.o(i.drawByte) for drawByte
    nokia5110.o(i.Nokia5110_TestFunctions) refers to nokia5110.o(i.setPixel) for setPixel
    nokia5110.o(i.Nokia5110_TestFunctions) refers to nokia5110.o(i.clearPixel) for clearPixel
    nokia5110.o(i.Nokia5110_TestFunctions) refers to nokia5110.o(i.drawBitmap) for drawBitmap
    nokia5110.o(i.Nokia5110_TestFunctions) refers to nokia5110.o(i.text) for text
    nokia5110.o(i.Nokia5110_TestFunctions) refers to nokia5110.o(i.drawRealCircle) for drawRealCircle
    nokia5110.o(i.clearBitmap) refers to nokia5110.o(.bss) for Screen
    nokia5110.o(i.clearBuffer) refers to nokia5110.o(.bss) for Screen
    nokia5110.o(i.clearCircle) refers to nokia5110.o(i.clearCirclePoints) for clearCirclePoints
    nokia5110.o(i.clearCircleLines) refers to nokia5110.o(i.clearLine) for clearLine
    nokia5110.o(i.clearCirclePoints) refers to nokia5110.o(i.clearPixel) for clearPixel
    nokia5110.o(i.clearEllipse) refers to nokia5110.o(i.ellipseClearPoints) for ellipseClearPoints
    nokia5110.o(i.clearEllipse) refers to dflti.o(.text) for __aeabi_i2d
    nokia5110.o(i.clearEllipse) refers to dmul.o(.text) for __aeabi_dmul
    nokia5110.o(i.clearEllipse) refers to dadd.o(.text) for __aeabi_dadd
    nokia5110.o(i.clearEllipse) refers to dfixi.o(.text) for __aeabi_d2iz
    nokia5110.o(i.clearFilledCircle) refers to nokia5110.o(i.clearCircleLines) for clearCircleLines
    nokia5110.o(i.clearFilledEllipse) refers to nokia5110.o(i.ellipseClearLines) for ellipseClearLines
    nokia5110.o(i.clearFilledEllipse) refers to dflti.o(.text) for __aeabi_i2d
    nokia5110.o(i.clearFilledEllipse) refers to dmul.o(.text) for __aeabi_dmul
    nokia5110.o(i.clearFilledEllipse) refers to dadd.o(.text) for __aeabi_dadd
    nokia5110.o(i.clearFilledEllipse) refers to dfixi.o(.text) for __aeabi_d2iz
    nokia5110.o(i.clearFilledRectangle) refers to nokia5110.o(i.clearHLine) for clearHLine
    nokia5110.o(i.clearFilledRoundRectangle) refers to nokia5110.o(i.clearHLine) for clearHLine
    nokia5110.o(i.clearFilledRoundRectangle) refers to nokia5110.o(i.clearVLine) for clearVLine
    nokia5110.o(i.clearHLine) refers to nokia5110.o(.bss) for Screen
    nokia5110.o(i.clearLine) refers to nokia5110.o(i.clearHLine) for clearHLine
    nokia5110.o(i.clearLine) refers to nokia5110.o(i.clearVLine) for clearVLine
    nokia5110.o(i.clearLine) refers to dflti.o(.text) for __aeabi_i2d
    nokia5110.o(i.clearLine) refers to ddiv.o(.text) for __aeabi_ddiv
    nokia5110.o(i.clearLine) refers to dadd.o(.text) for __aeabi_dadd
    nokia5110.o(i.clearLine) refers to dfixi.o(.text) for __aeabi_d2iz
    nokia5110.o(i.clearLine) refers to nokia5110.o(i.clearPixel) for clearPixel
    nokia5110.o(i.clearLine) refers to fflti.o(.text) for __aeabi_i2f
    nokia5110.o(i.clearLine) refers to fdiv.o(.text) for __aeabi_fdiv
    nokia5110.o(i.clearLine) refers to f2d.o(.text) for __aeabi_f2d
    nokia5110.o(i.clearPixel) refers to nokia5110.o(.bss) for Screen
    nokia5110.o(i.clearRealCircle) refers to dflti.o(.text) for __aeabi_i2d
    nokia5110.o(i.clearRealCircle) refers to dmul.o(.text) for __aeabi_dmul
    nokia5110.o(i.clearRealCircle) refers to dfixi.o(.text) for __aeabi_d2iz
    nokia5110.o(i.clearRealCircle) refers to nokia5110.o(i.clearEllipse) for clearEllipse
    nokia5110.o(i.clearRealFilledCircle) refers to dflti.o(.text) for __aeabi_i2d
    nokia5110.o(i.clearRealFilledCircle) refers to dmul.o(.text) for __aeabi_dmul
    nokia5110.o(i.clearRealFilledCircle) refers to dfixi.o(.text) for __aeabi_d2iz
    nokia5110.o(i.clearRealFilledCircle) refers to nokia5110.o(i.clearFilledEllipse) for clearFilledEllipse
    nokia5110.o(i.clearRectangle) refers to nokia5110.o(i.clearHLine) for clearHLine
    nokia5110.o(i.clearRectangle) refers to nokia5110.o(i.clearVLine) for clearVLine
    nokia5110.o(i.clearRoundRectangle) refers to nokia5110.o(i.clearPixel) for clearPixel
    nokia5110.o(i.clearRoundRectangle) refers to nokia5110.o(i.clearHLine) for clearHLine
    nokia5110.o(i.clearRoundRectangle) refers to nokia5110.o(i.clearVLine) for clearVLine
    nokia5110.o(i.clearVLine) refers to nokia5110.o(i.clearPixel) for clearPixel
    nokia5110.o(i.copyToScreen) refers to nokia5110.o(i.lcdwrite) for lcdwrite
    nokia5110.o(i.copyToScreen) refers to nokia5110.o(.bss) for Screen
    nokia5110.o(i.drawBitmap) refers to nokia5110.o(i.drawByte) for drawByte
    nokia5110.o(i.drawByte) refers to nokia5110.o(.bss) for Screen
    nokia5110.o(i.drawCircle) refers to nokia5110.o(i.drawCirclePoints) for drawCirclePoints
    nokia5110.o(i.drawCircleLines) refers to nokia5110.o(i.drawLine) for drawLine
    nokia5110.o(i.drawCirclePoints) refers to nokia5110.o(i.setPixel) for setPixel
    nokia5110.o(i.drawEllipse) refers to nokia5110.o(i.ellipsePlotPoints) for ellipsePlotPoints
    nokia5110.o(i.drawEllipse) refers to dflti.o(.text) for __aeabi_i2d
    nokia5110.o(i.drawEllipse) refers to dmul.o(.text) for __aeabi_dmul
    nokia5110.o(i.drawEllipse) refers to dadd.o(.text) for __aeabi_dadd
    nokia5110.o(i.drawEllipse) refers to dfixi.o(.text) for __aeabi_d2iz
    nokia5110.o(i.drawFilledCircle) refers to nokia5110.o(i.drawCircleLines) for drawCircleLines
    nokia5110.o(i.drawFilledEllipse) refers to nokia5110.o(i.ellipsePlotLines) for ellipsePlotLines
    nokia5110.o(i.drawFilledEllipse) refers to dflti.o(.text) for __aeabi_i2d
    nokia5110.o(i.drawFilledEllipse) refers to dmul.o(.text) for __aeabi_dmul
    nokia5110.o(i.drawFilledEllipse) refers to dadd.o(.text) for __aeabi_dadd
    nokia5110.o(i.drawFilledEllipse) refers to dfixi.o(.text) for __aeabi_d2iz
    nokia5110.o(i.drawFilledRectangle) refers to nokia5110.o(i.drawHLine) for drawHLine
    nokia5110.o(i.drawFilledRoundRectangle) refers to nokia5110.o(i.drawHLine) for drawHLine
    nokia5110.o(i.drawFilledRoundRectangle) refers to nokia5110.o(i.drawVLine) for drawVLine
    nokia5110.o(i.drawHLine) refers to nokia5110.o(.bss) for Screen
    nokia5110.o(i.drawLine) refers to nokia5110.o(i.drawHLine) for drawHLine
    nokia5110.o(i.drawLine) refers to nokia5110.o(i.drawVLine) for drawVLine
    nokia5110.o(i.drawLine) refers to dflti.o(.text) for __aeabi_i2d
    nokia5110.o(i.drawLine) refers to ddiv.o(.text) for __aeabi_ddiv
    nokia5110.o(i.drawLine) refers to dadd.o(.text) for __aeabi_dadd
    nokia5110.o(i.drawLine) refers to dfixi.o(.text) for __aeabi_d2iz
    nokia5110.o(i.drawLine) refers to nokia5110.o(i.setPixel) for setPixel
    nokia5110.o(i.drawLine) refers to fflti.o(.text) for __aeabi_i2f
    nokia5110.o(i.drawLine) refers to fdiv.o(.text) for __aeabi_fdiv
    nokia5110.o(i.drawLine) refers to f2d.o(.text) for __aeabi_f2d
    nokia5110.o(i.drawRealCircle) refers to dflti.o(.text) for __aeabi_i2d
    nokia5110.o(i.drawRealCircle) refers to dmul.o(.text) for __aeabi_dmul
    nokia5110.o(i.drawRealCircle) refers to dfixi.o(.text) for __aeabi_d2iz
    nokia5110.o(i.drawRealCircle) refers to nokia5110.o(i.drawEllipse) for drawEllipse
    nokia5110.o(i.drawRealFilledCircle) refers to dflti.o(.text) for __aeabi_i2d
    nokia5110.o(i.drawRealFilledCircle) refers to dmul.o(.text) for __aeabi_dmul
    nokia5110.o(i.drawRealFilledCircle) refers to dfixi.o(.text) for __aeabi_d2iz
    nokia5110.o(i.drawRealFilledCircle) refers to nokia5110.o(i.drawFilledEllipse) for drawFilledEllipse
    nokia5110.o(i.drawRectangle) refers to nokia5110.o(i.drawHLine) for drawHLine
    nokia5110.o(i.drawRectangle) refers to nokia5110.o(i.drawVLine) for drawVLine
    nokia5110.o(i.drawRoundRectangle) refers to nokia5110.o(i.setPixel) for setPixel
    nokia5110.o(i.drawRoundRectangle) refers to nokia5110.o(i.drawHLine) for drawHLine
    nokia5110.o(i.drawRoundRectangle) refers to nokia5110.o(i.drawVLine) for drawVLine
    nokia5110.o(i.drawVLine) refers to nokia5110.o(i.setPixel) for setPixel
    nokia5110.o(i.ellipseClearLines) refers to nokia5110.o(i.clearLine) for clearLine
    nokia5110.o(i.ellipseClearPoints) refers to nokia5110.o(i.clearPixel) for clearPixel
    nokia5110.o(i.ellipsePlotLines) refers to nokia5110.o(i.drawLine) for drawLine
    nokia5110.o(i.ellipsePlotPoints) refers to nokia5110.o(i.setPixel) for setPixel
    nokia5110.o(i.fillBuffer) refers to nokia5110.o(.bss) for Screen
    nokia5110.o(i.invertPixel) refers to nokia5110.o(.bss) for Screen
    nokia5110.o(i.readPixel) refers to nokia5110.o(.bss) for Screen
    nokia5110.o(i.setContrast) refers to nokia5110.o(i.lcdwrite) for lcdwrite
    nokia5110.o(i.setPixel) refers to nokia5110.o(.bss) for Screen
    nokia5110.o(i.text) refers to strlen.o(.text) for strlen
    nokia5110.o(i.text) refers to nokia5110.o(.constdata) for Terminal3x5
    nokia5110.o(i.text) refers to nokia5110.o(.bss) for Screen
    startup.o(RESET) refers to startup.o(STACK) for StackMem
    startup.o(RESET) refers to main.o(i.SysTick_Handler) for SysTick_Handler
    startup.o(RESET) refers to entry.o(.ARM.Collect$$$$00000000) for __main
    main.o(i.SysTick_Handler) refers to main.o(.data) for contActualizarPantalla
    main.o(i.handle_pixel) refers to main.o(.data) for framecnt
    main.o(i.main) refers to nokia5110.o(i.Nokia5110_Init) for Nokia5110_Init
    main.o(i.main) refers to nokia5110.o(i.Nokia5110_ClearBuffer) for Nokia5110_ClearBuffer
    main.o(i.main) refers to moduloadc.o(i.configADC) for configADC
    main.o(i.main) refers to puertosdfytimer.o(i.configPulsadores_D) for configPulsadores_D
    main.o(i.main) refers to puertosdfytimer.o(i.ConfiguraTimer_1ms) for ConfiguraTimer_1ms
    main.o(i.main) refers to uart.o(i.ConfigUART0) for ConfigUART0
    main.o(i.main) refers to puertosdfytimer.o(i.config_portF) for config_portF
    main.o(i.main) refers to nokia5110.o(i.Nokia5110_Clear) for Nokia5110_Clear
    main.o(i.main) refers to nokia5110.o(i.Nokia5110_DrawFullImage) for Nokia5110_DrawFullImage
    main.o(i.main) refers to main.o(.data) for ActualizarPantalla
    main.o(i.main) refers to main.o(.constdata) for bitmap0
    moduloadc.o(i.adquirir_muestra) refers to moduloadc.o(i.finalizada_conversion) for finalizada_conversion
    uart.o(i.TxCadena) refers to uart.o(i.TxCar) for TxCar
    entry.o(.ARM.Collect$$$$00000000) refers (Special) to entry10a.o(.ARM.Collect$$$$0000000D) for __rt_final_cpp
    entry.o(.ARM.Collect$$$$00000000) refers (Special) to entry11a.o(.ARM.Collect$$$$0000000F) for __rt_final_exit
    entry.o(.ARM.Collect$$$$00000000) refers (Special) to entry7b.o(.ARM.Collect$$$$00000008) for _main_clock
    entry.o(.ARM.Collect$$$$00000000) refers (Special) to entry8b.o(.ARM.Collect$$$$0000000A) for _main_cpp_init
    entry.o(.ARM.Collect$$$$00000000) refers (Special) to entry9a.o(.ARM.Collect$$$$0000000B) for _main_init
    entry.o(.ARM.Collect$$$$00000000) refers (Special) to entry5.o(.ARM.Collect$$$$00000004) for _main_scatterload
    entry.o(.ARM.Collect$$$$00000000) refers (Special) to entry2.o(.ARM.Collect$$$$00000001) for _main_stk
    printfb.o(i.__0fprintf$bare) refers to printfb.o(i._printf_core) for _printf_core
    printfb.o(i.__0fprintf$bare) refers to fputc.o(i.fputc) for fputc
    printfb.o(i.__0printf$bare) refers to printfb.o(i._printf_core) for _printf_core
    printfb.o(i.__0printf$bare) refers to fputc.o(i.fputc) for fputc
    printfb.o(i.__0printf$bare) refers to stdout.o(.data) for __stdout
    printfb.o(i.__0snprintf$bare) refers to printfb.o(i._printf_core) for _printf_core
    printfb.o(i.__0snprintf$bare) refers to printfb.o(i._snputc) for _snputc
    printfb.o(i.__0sprintf$bare) refers to printfb.o(i._printf_core) for _printf_core
    printfb.o(i.__0sprintf$bare) refers to printfb.o(i._sputc) for _sputc
    printfb.o(i.__0vfprintf$bare) refers to printfb.o(i._printf_core) for _printf_core
    printfb.o(i.__0vfprintf$bare) refers to fputc.o(i.fputc) for fputc
    printfb.o(i.__0vprintf$bare) refers to printfb.o(i._printf_core) for _printf_core
    printfb.o(i.__0vprintf$bare) refers to fputc.o(i.fputc) for fputc
    printfb.o(i.__0vprintf$bare) refers to stdout.o(.data) for __stdout
    printfb.o(i.__0vsnprintf$bare) refers to printfb.o(i._printf_core) for _printf_core
    printfb.o(i.__0vsnprintf$bare) refers to printfb.o(i._snputc) for _snputc
    printfb.o(i.__0vsprintf$bare) refers to printfb.o(i._printf_core) for _printf_core
    printfb.o(i.__0vsprintf$bare) refers to printfb.o(i._sputc) for _sputc
    printf0.o(i.__0fprintf$0) refers to printf0.o(i._printf_core) for _printf_core
    printf0.o(i.__0fprintf$0) refers to fputc.o(i.fputc) for fputc
    printf0.o(i.__0printf$0) refers to printf0.o(i._printf_core) for _printf_core
    printf0.o(i.__0printf$0) refers to fputc.o(i.fputc) for fputc
    printf0.o(i.__0printf$0) refers to stdout.o(.data) for __stdout
    printf0.o(i.__0snprintf$0) refers to printf0.o(i._printf_core) for _printf_core
    printf0.o(i.__0snprintf$0) refers to printf0.o(i._snputc) for _snputc
    printf0.o(i.__0sprintf$0) refers to printf0.o(i._printf_core) for _printf_core
    printf0.o(i.__0sprintf$0) refers to printf0.o(i._sputc) for _sputc
    printf0.o(i.__0vfprintf$0) refers to printf0.o(i._printf_core) for _printf_core
    printf0.o(i.__0vfprintf$0) refers to fputc.o(i.fputc) for fputc
    printf0.o(i.__0vprintf$0) refers to printf0.o(i._printf_core) for _printf_core
    printf0.o(i.__0vprintf$0) refers to fputc.o(i.fputc) for fputc
    printf0.o(i.__0vprintf$0) refers to stdout.o(.data) for __stdout
    printf0.o(i.__0vsnprintf$0) refers to printf0.o(i._printf_core) for _printf_core
    printf0.o(i.__0vsnprintf$0) refers to printf0.o(i._snputc) for _snputc
    printf0.o(i.__0vsprintf$0) refers to printf0.o(i._printf_core) for _printf_core
    printf0.o(i.__0vsprintf$0) refers to printf0.o(i._sputc) for _sputc
    printf1.o(i.__0fprintf$1) refers to printf1.o(i._printf_core) for _printf_core
    printf1.o(i.__0fprintf$1) refers to fputc.o(i.fputc) for fputc
    printf1.o(i.__0printf$1) refers to printf1.o(i._printf_core) for _printf_core
    printf1.o(i.__0printf$1) refers to fputc.o(i.fputc) for fputc
    printf1.o(i.__0printf$1) refers to stdout.o(.data) for __stdout
    printf1.o(i.__0snprintf$1) refers to printf1.o(i._printf_core) for _printf_core
    printf1.o(i.__0snprintf$1) refers to printf1.o(i._snputc) for _snputc
    printf1.o(i.__0sprintf$1) refers to printf1.o(i._printf_core) for _printf_core
    printf1.o(i.__0sprintf$1) refers to printf1.o(i._sputc) for _sputc
    printf1.o(i.__0vfprintf$1) refers to printf1.o(i._printf_core) for _printf_core
    printf1.o(i.__0vfprintf$1) refers to fputc.o(i.fputc) for fputc
    printf1.o(i.__0vprintf$1) refers to printf1.o(i._printf_core) for _printf_core
    printf1.o(i.__0vprintf$1) refers to fputc.o(i.fputc) for fputc
    printf1.o(i.__0vprintf$1) refers to stdout.o(.data) for __stdout
    printf1.o(i.__0vsnprintf$1) refers to printf1.o(i._printf_core) for _printf_core
    printf1.o(i.__0vsnprintf$1) refers to printf1.o(i._snputc) for _snputc
    printf1.o(i.__0vsprintf$1) refers to printf1.o(i._printf_core) for _printf_core
    printf1.o(i.__0vsprintf$1) refers to printf1.o(i._sputc) for _sputc
    printf1.o(i._printf_core) refers to uidiv.o(.text) for __aeabi_uidivmod
    printf2.o(i.__0fprintf$2) refers to printf2.o(i._printf_core) for _printf_core
    printf2.o(i.__0fprintf$2) refers to fputc.o(i.fputc) for fputc
    printf2.o(i.__0printf$2) refers to printf2.o(i._printf_core) for _printf_core
    printf2.o(i.__0printf$2) refers to fputc.o(i.fputc) for fputc
    printf2.o(i.__0printf$2) refers to stdout.o(.data) for __stdout
    printf2.o(i.__0snprintf$2) refers to printf2.o(i._printf_core) for _printf_core
    printf2.o(i.__0snprintf$2) refers to printf2.o(i._snputc) for _snputc
    printf2.o(i.__0sprintf$2) refers to printf2.o(i._printf_core) for _printf_core
    printf2.o(i.__0sprintf$2) refers to printf2.o(i._sputc) for _sputc
    printf2.o(i.__0vfprintf$2) refers to printf2.o(i._printf_core) for _printf_core
    printf2.o(i.__0vfprintf$2) refers to fputc.o(i.fputc) for fputc
    printf2.o(i.__0vprintf$2) refers to printf2.o(i._printf_core) for _printf_core
    printf2.o(i.__0vprintf$2) refers to fputc.o(i.fputc) for fputc
    printf2.o(i.__0vprintf$2) refers to stdout.o(.data) for __stdout
    printf2.o(i.__0vsnprintf$2) refers to printf2.o(i._printf_core) for _printf_core
    printf2.o(i.__0vsnprintf$2) refers to printf2.o(i._snputc) for _snputc
    printf2.o(i.__0vsprintf$2) refers to printf2.o(i._printf_core) for _printf_core
    printf2.o(i.__0vsprintf$2) refers to printf2.o(i._sputc) for _sputc
    printf3.o(i.__0fprintf$3) refers to printf3.o(i._printf_core) for _printf_core
    printf3.o(i.__0fprintf$3) refers to fputc.o(i.fputc) for fputc
    printf3.o(i.__0printf$3) refers to printf3.o(i._printf_core) for _printf_core
    printf3.o(i.__0printf$3) refers to fputc.o(i.fputc) for fputc
    printf3.o(i.__0printf$3) refers to stdout.o(.data) for __stdout
    printf3.o(i.__0snprintf$3) refers to printf3.o(i._printf_core) for _printf_core
    printf3.o(i.__0snprintf$3) refers to printf3.o(i._snputc) for _snputc
    printf3.o(i.__0sprintf$3) refers to printf3.o(i._printf_core) for _printf_core
    printf3.o(i.__0sprintf$3) refers to printf3.o(i._sputc) for _sputc
    printf3.o(i.__0vfprintf$3) refers to printf3.o(i._printf_core) for _printf_core
    printf3.o(i.__0vfprintf$3) refers to fputc.o(i.fputc) for fputc
    printf3.o(i.__0vprintf$3) refers to printf3.o(i._printf_core) for _printf_core
    printf3.o(i.__0vprintf$3) refers to fputc.o(i.fputc) for fputc
    printf3.o(i.__0vprintf$3) refers to stdout.o(.data) for __stdout
    printf3.o(i.__0vsnprintf$3) refers to printf3.o(i._printf_core) for _printf_core
    printf3.o(i.__0vsnprintf$3) refers to printf3.o(i._snputc) for _snputc
    printf3.o(i.__0vsprintf$3) refers to printf3.o(i._printf_core) for _printf_core
    printf3.o(i.__0vsprintf$3) refers to printf3.o(i._sputc) for _sputc
    printf3.o(i._printf_core) refers to uidiv.o(.text) for __aeabi_uidivmod
    printf4.o(i.__0fprintf$4) refers to printf4.o(i._printf_core) for _printf_core
    printf4.o(i.__0fprintf$4) refers to fputc.o(i.fputc) for fputc
    printf4.o(i.__0printf$4) refers to printf4.o(i._printf_core) for _printf_core
    printf4.o(i.__0printf$4) refers to fputc.o(i.fputc) for fputc
    printf4.o(i.__0printf$4) refers to stdout.o(.data) for __stdout
    printf4.o(i.__0snprintf$4) refers to printf4.o(i._printf_core) for _printf_core
    printf4.o(i.__0snprintf$4) refers to printf4.o(i._snputc) for _snputc
    printf4.o(i.__0sprintf$4) refers to printf4.o(i._printf_core) for _printf_core
    printf4.o(i.__0sprintf$4) refers to printf4.o(i._sputc) for _sputc
    printf4.o(i.__0vfprintf$4) refers to printf4.o(i._printf_core) for _printf_core
    printf4.o(i.__0vfprintf$4) refers to fputc.o(i.fputc) for fputc
    printf4.o(i.__0vprintf$4) refers to printf4.o(i._printf_core) for _printf_core
    printf4.o(i.__0vprintf$4) refers to fputc.o(i.fputc) for fputc
    printf4.o(i.__0vprintf$4) refers to stdout.o(.data) for __stdout
    printf4.o(i.__0vsnprintf$4) refers to printf4.o(i._printf_core) for _printf_core
    printf4.o(i.__0vsnprintf$4) refers to printf4.o(i._snputc) for _snputc
    printf4.o(i.__0vsprintf$4) refers to printf4.o(i._printf_core) for _printf_core
    printf4.o(i.__0vsprintf$4) refers to printf4.o(i._sputc) for _sputc
    printf4.o(i._printf_core) refers to uldiv.o(.text) for __aeabi_uldivmod
    printf5.o(i.__0fprintf$5) refers to printf5.o(i._printf_core) for _printf_core
    printf5.o(i.__0fprintf$5) refers to fputc.o(i.fputc) for fputc
    printf5.o(i.__0printf$5) refers to printf5.o(i._printf_core) for _printf_core
    printf5.o(i.__0printf$5) refers to fputc.o(i.fputc) for fputc
    printf5.o(i.__0printf$5) refers to stdout.o(.data) for __stdout
    printf5.o(i.__0snprintf$5) refers to printf5.o(i._printf_core) for _printf_core
    printf5.o(i.__0snprintf$5) refers to printf5.o(i._snputc) for _snputc
    printf5.o(i.__0sprintf$5) refers to printf5.o(i._printf_core) for _printf_core
    printf5.o(i.__0sprintf$5) refers to printf5.o(i._sputc) for _sputc
    printf5.o(i.__0vfprintf$5) refers to printf5.o(i._printf_core) for _printf_core
    printf5.o(i.__0vfprintf$5) refers to fputc.o(i.fputc) for fputc
    printf5.o(i.__0vprintf$5) refers to printf5.o(i._printf_core) for _printf_core
    printf5.o(i.__0vprintf$5) refers to fputc.o(i.fputc) for fputc
    printf5.o(i.__0vprintf$5) refers to stdout.o(.data) for __stdout
    printf5.o(i.__0vsnprintf$5) refers to printf5.o(i._printf_core) for _printf_core
    printf5.o(i.__0vsnprintf$5) refers to printf5.o(i._snputc) for _snputc
    printf5.o(i.__0vsprintf$5) refers to printf5.o(i._printf_core) for _printf_core
    printf5.o(i.__0vsprintf$5) refers to printf5.o(i._sputc) for _sputc
    printf5.o(i._printf_core) refers to uldiv.o(.text) for __aeabi_uldivmod
    printf6.o(i.__0fprintf$6) refers to printf6.o(i._printf_core) for _printf_core
    printf6.o(i.__0fprintf$6) refers to fputc.o(i.fputc) for fputc
    printf6.o(i.__0printf$6) refers to printf6.o(i._printf_core) for _printf_core
    printf6.o(i.__0printf$6) refers to fputc.o(i.fputc) for fputc
    printf6.o(i.__0printf$6) refers to stdout.o(.data) for __stdout
    printf6.o(i.__0snprintf$6) refers to printf6.o(i._printf_core) for _printf_core
    printf6.o(i.__0snprintf$6) refers to printf6.o(i._snputc) for _snputc
    printf6.o(i.__0sprintf$6) refers to printf6.o(i._printf_core) for _printf_core
    printf6.o(i.__0sprintf$6) refers to printf6.o(i._sputc) for _sputc
    printf6.o(i.__0vfprintf$6) refers to printf6.o(i._printf_core) for _printf_core
    printf6.o(i.__0vfprintf$6) refers to fputc.o(i.fputc) for fputc
    printf6.o(i.__0vprintf$6) refers to printf6.o(i._printf_core) for _printf_core
    printf6.o(i.__0vprintf$6) refers to fputc.o(i.fputc) for fputc
    printf6.o(i.__0vprintf$6) refers to stdout.o(.data) for __stdout
    printf6.o(i.__0vsnprintf$6) refers to printf6.o(i._printf_core) for _printf_core
    printf6.o(i.__0vsnprintf$6) refers to printf6.o(i._snputc) for _snputc
    printf6.o(i.__0vsprintf$6) refers to printf6.o(i._printf_core) for _printf_core
    printf6.o(i.__0vsprintf$6) refers to printf6.o(i._sputc) for _sputc
    printf6.o(i._printf_core) refers to printf6.o(i._printf_pre_padding) for _printf_pre_padding
    printf6.o(i._printf_core) refers to uidiv.o(.text) for __aeabi_uidivmod
    printf6.o(i._printf_core) refers to printf6.o(i._printf_post_padding) for _printf_post_padding
    printf7.o(i.__0fprintf$7) refers to printf7.o(i._printf_core) for _printf_core
    printf7.o(i.__0fprintf$7) refers to fputc.o(i.fputc) for fputc
    printf7.o(i.__0printf$7) refers to printf7.o(i._printf_core) for _printf_core
    printf7.o(i.__0printf$7) refers to fputc.o(i.fputc) for fputc
    printf7.o(i.__0printf$7) refers to stdout.o(.data) for __stdout
    printf7.o(i.__0snprintf$7) refers to printf7.o(i._printf_core) for _printf_core
    printf7.o(i.__0snprintf$7) refers to printf7.o(i._snputc) for _snputc
    printf7.o(i.__0sprintf$7) refers to printf7.o(i._printf_core) for _printf_core
    printf7.o(i.__0sprintf$7) refers to printf7.o(i._sputc) for _sputc
    printf7.o(i.__0vfprintf$7) refers to printf7.o(i._printf_core) for _printf_core
    printf7.o(i.__0vfprintf$7) refers to fputc.o(i.fputc) for fputc
    printf7.o(i.__0vprintf$7) refers to printf7.o(i._printf_core) for _printf_core
    printf7.o(i.__0vprintf$7) refers to fputc.o(i.fputc) for fputc
    printf7.o(i.__0vprintf$7) refers to stdout.o(.data) for __stdout
    printf7.o(i.__0vsnprintf$7) refers to printf7.o(i._printf_core) for _printf_core
    printf7.o(i.__0vsnprintf$7) refers to printf7.o(i._snputc) for _snputc
    printf7.o(i.__0vsprintf$7) refers to printf7.o(i._printf_core) for _printf_core
    printf7.o(i.__0vsprintf$7) refers to printf7.o(i._sputc) for _sputc
    printf7.o(i._printf_core) refers to printf7.o(i._printf_pre_padding) for _printf_pre_padding
    printf7.o(i._printf_core) refers to uldiv.o(.text) for __aeabi_uldivmod
    printf7.o(i._printf_core) refers to printf7.o(i._printf_post_padding) for _printf_post_padding
    printf8.o(i.__0fprintf$8) refers to printf8.o(i._printf_core) for _printf_core
    printf8.o(i.__0fprintf$8) refers to fputc.o(i.fputc) for fputc
    printf8.o(i.__0printf$8) refers to printf8.o(i._printf_core) for _printf_core
    printf8.o(i.__0printf$8) refers to fputc.o(i.fputc) for fputc
    printf8.o(i.__0printf$8) refers to stdout.o(.data) for __stdout
    printf8.o(i.__0snprintf$8) refers to printf8.o(i._printf_core) for _printf_core
    printf8.o(i.__0snprintf$8) refers to printf8.o(i._snputc) for _snputc
    printf8.o(i.__0sprintf$8) refers to printf8.o(i._printf_core) for _printf_core
    printf8.o(i.__0sprintf$8) refers to printf8.o(i._sputc) for _sputc
    printf8.o(i.__0vfprintf$8) refers to printf8.o(i._printf_core) for _printf_core
    printf8.o(i.__0vfprintf$8) refers to fputc.o(i.fputc) for fputc
    printf8.o(i.__0vprintf$8) refers to printf8.o(i._printf_core) for _printf_core
    printf8.o(i.__0vprintf$8) refers to fputc.o(i.fputc) for fputc
    printf8.o(i.__0vprintf$8) refers to stdout.o(.data) for __stdout
    printf8.o(i.__0vsnprintf$8) refers to printf8.o(i._printf_core) for _printf_core
    printf8.o(i.__0vsnprintf$8) refers to printf8.o(i._snputc) for _snputc
    printf8.o(i.__0vsprintf$8) refers to printf8.o(i._printf_core) for _printf_core
    printf8.o(i.__0vsprintf$8) refers to printf8.o(i._sputc) for _sputc
    printf8.o(i._printf_core) refers to printf8.o(i._printf_pre_padding) for _printf_pre_padding
    printf8.o(i._printf_core) refers to uldiv.o(.text) for __aeabi_uldivmod
    printf8.o(i._printf_core) refers to printf8.o(i._printf_post_padding) for _printf_post_padding
    printfa.o(i.__0fprintf) refers (Special) to iusefp.o(.text) for __I$use$fp
    printfa.o(i.__0fprintf) refers to printfa.o(i._printf_core) for _printf_core
    printfa.o(i.__0fprintf) refers to fputc.o(i.fputc) for fputc
    printfa.o(i.__0printf) refers (Special) to iusefp.o(.text) for __I$use$fp
    printfa.o(i.__0printf) refers to printfa.o(i._printf_core) for _printf_core
    printfa.o(i.__0printf) refers to fputc.o(i.fputc) for fputc
    printfa.o(i.__0printf) refers to stdout.o(.data) for __stdout
    printfa.o(i.__0snprintf) refers (Special) to iusefp.o(.text) for __I$use$fp
    printfa.o(i.__0snprintf) refers to printfa.o(i._printf_core) for _printf_core
    printfa.o(i.__0snprintf) refers to printfa.o(i._snputc) for _snputc
    printfa.o(i.__0sprintf) refers (Special) to iusefp.o(.text) for __I$use$fp
    printfa.o(i.__0sprintf) refers to printfa.o(i._printf_core) for _printf_core
    printfa.o(i.__0sprintf) refers to printfa.o(i._sputc) for _sputc
    printfa.o(i.__0vfprintf) refers (Special) to iusefp.o(.text) for __I$use$fp
    printfa.o(i.__0vfprintf) refers to printfa.o(i._printf_core) for _printf_core
    printfa.o(i.__0vfprintf) refers to fputc.o(i.fputc) for fputc
    printfa.o(i.__0vprintf) refers (Special) to iusefp.o(.text) for __I$use$fp
    printfa.o(i.__0vprintf) refers to printfa.o(i._printf_core) for _printf_core
    printfa.o(i.__0vprintf) refers to fputc.o(i.fputc) for fputc
    printfa.o(i.__0vprintf) refers to stdout.o(.data) for __stdout
    printfa.o(i.__0vsnprintf) refers (Special) to iusefp.o(.text) for __I$use$fp
    printfa.o(i.__0vsnprintf) refers to printfa.o(i._printf_core) for _printf_core
    printfa.o(i.__0vsnprintf) refers to printfa.o(i._snputc) for _snputc
    printfa.o(i.__0vsprintf) refers (Special) to iusefp.o(.text) for __I$use$fp
    printfa.o(i.__0vsprintf) refers to printfa.o(i._printf_core) for _printf_core
    printfa.o(i.__0vsprintf) refers to printfa.o(i._sputc) for _sputc
    printfa.o(i._fp_digits) refers (Special) to iusefp.o(.text) for __I$use$fp
    printfa.o(i._fp_digits) refers to dmul.o(.text) for __aeabi_dmul
    printfa.o(i._fp_digits) refers to ddiv.o(.text) for __aeabi_ddiv
    printfa.o(i._fp_digits) refers to cdrcmple.o(.text) for __aeabi_cdrcmple
    printfa.o(i._fp_digits) refers to dadd.o(.text) for __aeabi_dadd
    printfa.o(i._fp_digits) refers to dfixul.o(.text) for __aeabi_d2ulz
    printfa.o(i._fp_digits) refers to uldiv.o(.text) for __aeabi_uldivmod
    printfa.o(i._printf_core) refers (Special) to iusefp.o(.text) for __I$use$fp
    printfa.o(i._printf_core) refers to printfa.o(i._printf_pre_padding) for _printf_pre_padding
    printfa.o(i._printf_core) refers to uldiv.o(.text) for __aeabi_uldivmod
    printfa.o(i._printf_core) refers to printfa.o(i._printf_post_padding) for _printf_post_padding
    printfa.o(i._printf_core) refers to printfa.o(i._fp_digits) for _fp_digits
    printfa.o(i._printf_core) refers to uidiv.o(.text) for __aeabi_uidivmod
    printfa.o(i._printf_post_padding) refers (Special) to iusefp.o(.text) for __I$use$fp
    printfa.o(i._printf_pre_padding) refers (Special) to iusefp.o(.text) for __I$use$fp
    printfa.o(i._snputc) refers (Special) to iusefp.o(.text) for __I$use$fp
    printfa.o(i._sputc) refers (Special) to iusefp.o(.text) for __I$use$fp
    fdiv.o(.text) refers (Special) to iusefp.o(.text) for __I$use$fp
    fdiv.o(.text) refers to fepilogue.o(.text) for _float_round
    dadd.o(.text) refers (Special) to iusefp.o(.text) for __I$use$fp
    dadd.o(.text) refers to llshl.o(.text) for __aeabi_llsl
    dadd.o(.text) refers to llsshr.o(.text) for __aeabi_lasr
    dadd.o(.text) refers to depilogue.o(.text) for _double_epilogue
    dmul.o(.text) refers (Special) to iusefp.o(.text) for __I$use$fp
    dmul.o(.text) refers to depilogue.o(.text) for _double_epilogue
    ddiv.o(.text) refers (Special) to iusefp.o(.text) for __I$use$fp
    ddiv.o(.text) refers to depilogue.o(.text) for _double_round
    fflti.o(.text) refers (Special) to iusefp.o(.text) for __I$use$fp
    fflti.o(.text) refers to fepilogue.o(.text) for _float_epilogue
    dflti.o(.text) refers (Special) to iusefp.o(.text) for __I$use$fp
    dflti.o(.text) refers to depilogue.o(.text) for _double_epilogue
    dfixi.o(.text) refers (Special) to iusefp.o(.text) for __I$use$fp
    dfixi.o(.text) refers to llushr.o(.text) for __aeabi_llsr
    f2d.o(.text) refers (Special) to iusefp.o(.text) for __I$use$fp
    entry2.o(.ARM.Collect$$$$00000001) refers to entry2.o(.ARM.Collect$$$$00002712) for __lit__00000000
    entry2.o(.ARM.Collect$$$$00002712) refers to startup.o(STACK) for __initial_sp
    entry2.o(__vectab_stack_and_reset_area) refers to startup.o(STACK) for __initial_sp
    entry2.o(__vectab_stack_and_reset_area) refers to entry.o(.ARM.Collect$$$$00000000) for __main
    entry5.o(.ARM.Collect$$$$00000004) refers to init.o(.text) for __scatterload
    entry9a.o(.ARM.Collect$$$$0000000B) refers to main.o(i.main) for main
    entry9b.o(.ARM.Collect$$$$0000000C) refers to main.o(i.main) for main
    fputc.o(i.fputc) refers (Special) to iusesemip.o(.text) for __I$use$semihosting$fputc
    fputc.o(i.fputc) refers (Special) to semi.o(.text) for __semihosting_library_function
    uldiv.o(.text) refers to llushr.o(.text) for __aeabi_llsr
    uldiv.o(.text) refers to llshl.o(.text) for __aeabi_llsl
    depilogue.o(.text) refers to llshl.o(.text) for __aeabi_llsl
    depilogue.o(.text) refers to llushr.o(.text) for __aeabi_llsr
    dfixul.o(.text) refers to llushr.o(.text) for __aeabi_llsr
    dfixul.o(.text) refers to llshl.o(.text) for __aeabi_llsl
    init.o(.text) refers to entry5.o(.ARM.Collect$$$$00000004) for __main_after_scatterload


==============================================================================

Removing Unused input sections from the image.

    Removing nokia5110.o(i.Nokia5110_DisplayBuffer), (16 bytes).
    Removing nokia5110.o(i.Nokia5110_OutChar), (56 bytes).
    Removing nokia5110.o(i.Nokia5110_OutChar2), (80 bytes).
    Removing nokia5110.o(i.Nokia5110_OutString), (22 bytes).
    Removing nokia5110.o(i.Nokia5110_OutUDec), (412 bytes).
    Removing nokia5110.o(i.Nokia5110_PrintBMP), (424 bytes).
    Removing nokia5110.o(i.Nokia5110_Runner), (192 bytes).
    Removing nokia5110.o(i.Nokia5110_SetCursorChar), (104 bytes).
    Removing nokia5110.o(i.Nokia5110_TestFunctions), (108 bytes).
    Removing nokia5110.o(i.clearBitmap), (272 bytes).
    Removing nokia5110.o(i.clearBuffer), (24 bytes).
    Removing nokia5110.o(i.clearCircle), (86 bytes).
    Removing nokia5110.o(i.clearCircleLines), (114 bytes).
    Removing nokia5110.o(i.clearCirclePoints), (154 bytes).
    Removing nokia5110.o(i.clearEllipse), (392 bytes).
    Removing nokia5110.o(i.clearFilledCircle), (86 bytes).
    Removing nokia5110.o(i.clearFilledEllipse), (392 bytes).
    Removing nokia5110.o(i.clearFilledRectangle), (60 bytes).
    Removing nokia5110.o(i.clearFilledRoundRectangle), (128 bytes).
    Removing nokia5110.o(i.clearHLine), (96 bytes).
    Removing nokia5110.o(i.clearLine), (476 bytes).
    Removing nokia5110.o(i.clearPixel), (72 bytes).
    Removing nokia5110.o(i.clearRealCircle), (60 bytes).
    Removing nokia5110.o(i.clearRealFilledCircle), (60 bytes).
    Removing nokia5110.o(i.clearRectangle), (78 bytes).
    Removing nokia5110.o(i.clearRoundRectangle), (128 bytes).
    Removing nokia5110.o(i.clearVLine), (44 bytes).
    Removing nokia5110.o(i.copyToScreen), (32 bytes).
    Removing nokia5110.o(i.drawBitmap), (72 bytes).
    Removing nokia5110.o(i.drawByte), (156 bytes).
    Removing nokia5110.o(i.drawCircle), (86 bytes).
    Removing nokia5110.o(i.drawCircleLines), (114 bytes).
    Removing nokia5110.o(i.drawCirclePoints), (154 bytes).
    Removing nokia5110.o(i.drawEllipse), (392 bytes).
    Removing nokia5110.o(i.drawFilledCircle), (86 bytes).
    Removing nokia5110.o(i.drawFilledEllipse), (392 bytes).
    Removing nokia5110.o(i.drawFilledRectangle), (60 bytes).
    Removing nokia5110.o(i.drawFilledRoundRectangle), (128 bytes).
    Removing nokia5110.o(i.drawHLine), (96 bytes).
    Removing nokia5110.o(i.drawLine), (480 bytes).
    Removing nokia5110.o(i.drawRealCircle), (60 bytes).
    Removing nokia5110.o(i.drawRealFilledCircle), (60 bytes).
    Removing nokia5110.o(i.drawRectangle), (78 bytes).
    Removing nokia5110.o(i.drawRoundRectangle), (128 bytes).
    Removing nokia5110.o(i.drawVLine), (44 bytes).
    Removing nokia5110.o(i.ellipseClearLines), (40 bytes).
    Removing nokia5110.o(i.ellipseClearPoints), (44 bytes).
    Removing nokia5110.o(i.ellipsePlotLines), (40 bytes).
    Removing nokia5110.o(i.ellipsePlotPoints), (44 bytes).
    Removing nokia5110.o(i.fillBuffer), (28 bytes).
    Removing nokia5110.o(i.invertPixel), (104 bytes).
    Removing nokia5110.o(i.readADC), (52 bytes).
    Removing nokia5110.o(i.readPixel), (80 bytes).
    Removing nokia5110.o(i.setContrast), (40 bytes).
    Removing nokia5110.o(i.setPixel), (72 bytes).
    Removing nokia5110.o(i.text), (1572 bytes).
    Removing nokia5110.o(.constdata), (3360 bytes).
    Removing startup.o(HEAP), (0 bytes).
    Removing startup.o(.text), (28 bytes).
    Removing main.o(i.handle_pixel), (32 bytes).
    Removing main.o(.bss), (840 bytes).
    Removing TivaES.obj(.text), (924 bytes).
    Removing TivaES.obj(.TI.symbol.alias), (9 bytes).
    Removing TivaES.obj(.TI.section.flags), (26 bytes).
    Removing moduloadc.o(i.adquirir_muestra), (40 bytes).
    Removing moduloadc.o(i.finalizada_conversion), (16 bytes).
    Removing uart.o(i.HayCarRx), (24 bytes).
    Removing uart.o(i.RxCar), (12 bytes).
    Removing uart.o(i.TxCadena), (26 bytes).
    Removing uart.o(i.TxCar), (24 bytes).
    Removing fdiv.o(.text), (128 bytes).
    Removing dadd.o(.text), (334 bytes).
    Removing dmul.o(.text), (228 bytes).
    Removing ddiv.o(.text), (222 bytes).
    Removing fflti.o(.text), (18 bytes).
    Removing dflti.o(.text), (34 bytes).
    Removing dfixi.o(.text), (62 bytes).
    Removing f2d.o(.text), (38 bytes).
    Removing fepilogue.o(.text), (108 bytes).
    Removing depilogue.o(.text), (190 bytes).
    Removing dfixul.o(.text), (48 bytes).
    Removing cdrcmple.o(.text), (40 bytes).

82 unused section(s) (total 15681 bytes) removed from the image.

==============================================================================

Image Symbol Table

    Local Symbols

    Symbol Name                              Value     Ov Type        Size  Object(Section)

    RESET                                    0x00000000   Section      644  startup.o(RESET)
    ../clib/microlib/division.c              0x00000000   Number         0  uldiv.o ABSOLUTE
    ../clib/microlib/division.c              0x00000000   Number         0  uidiv.o ABSOLUTE
    ../clib/microlib/init/entry.s            0x00000000   Number         0  entry8b.o ABSOLUTE
    ../clib/microlib/init/entry.s            0x00000000   Number         0  entry8a.o ABSOLUTE
    ../clib/microlib/init/entry.s            0x00000000   Number         0  entry7b.o ABSOLUTE
    ../clib/microlib/init/entry.s            0x00000000   Number         0  entry5.o ABSOLUTE
    ../clib/microlib/init/entry.s            0x00000000   Number         0  entry7a.o ABSOLUTE
    ../clib/microlib/init/entry.s            0x00000000   Number         0  entry.o ABSOLUTE
    ../clib/microlib/init/entry.s            0x00000000   Number         0  entry2.o ABSOLUTE
    ../clib/microlib/init/entry.s            0x00000000   Number         0  entry11b.o ABSOLUTE
    ../clib/microlib/init/entry.s            0x00000000   Number         0  entry11a.o ABSOLUTE
    ../clib/microlib/init/entry.s            0x00000000   Number         0  entry10b.o ABSOLUTE
    ../clib/microlib/init/entry.s            0x00000000   Number         0  entry10a.o ABSOLUTE
    ../clib/microlib/init/entry.s            0x00000000   Number         0  entry9b.o ABSOLUTE
    ../clib/microlib/init/entry.s            0x00000000   Number         0  entry9a.o ABSOLUTE
    ../clib/microlib/longlong.c              0x00000000   Number         0  llushr.o ABSOLUTE
    ../clib/microlib/longlong.c              0x00000000   Number         0  llsshr.o ABSOLUTE
    ../clib/microlib/longlong.c              0x00000000   Number         0  llshl.o ABSOLUTE
    ../clib/microlib/printf/printf.c         0x00000000   Number         0  printf5.o ABSOLUTE
    ../clib/microlib/printf/printf.c         0x00000000   Number         0  printf6.o ABSOLUTE
    ../clib/microlib/printf/printf.c         0x00000000   Number         0  printf7.o ABSOLUTE
    ../clib/microlib/printf/printf.c         0x00000000   Number         0  printfa.o ABSOLUTE
    ../clib/microlib/printf/printf.c         0x00000000   Number         0  printf8.o ABSOLUTE
    ../clib/microlib/printf/printf.c         0x00000000   Number         0  printfb.o ABSOLUTE
    ../clib/microlib/printf/printf.c         0x00000000   Number         0  printf0.o ABSOLUTE
    ../clib/microlib/printf/printf.c         0x00000000   Number         0  printf1.o ABSOLUTE
    ../clib/microlib/printf/printf.c         0x00000000   Number         0  printf2.o ABSOLUTE
    ../clib/microlib/printf/printf.c         0x00000000   Number         0  printf3.o ABSOLUTE
    ../clib/microlib/printf/printf.c         0x00000000   Number         0  printf4.o ABSOLUTE
    ../clib/microlib/printf/stubs.s          0x00000000   Number         0  stubs.o ABSOLUTE
    ../clib/microlib/stdio/fputc.c           0x00000000   Number         0  fputc.o ABSOLUTE
    ../clib/microlib/stdio/semi.s            0x00000000   Number         0  semi.o ABSOLUTE
    ../clib/microlib/stdio/streams.c         0x00000000   Number         0  stdout.o ABSOLUTE
    ../clib/microlib/string/strlen.c         0x00000000   Number         0  strlen.o ABSOLUTE
    ../clib/microlib/stubs.s                 0x00000000   Number         0  iusefp.o ABSOLUTE
    ../clib/microlib/stubs.s                 0x00000000   Number         0  iusesemip.o ABSOLUTE
    ../fplib/microlib/f2d.c                  0x00000000   Number         0  f2d.o ABSOLUTE
    ../fplib/microlib/fpadd.c                0x00000000   Number         0  dadd.o ABSOLUTE
    ../fplib/microlib/fpdiv.c                0x00000000   Number         0  ddiv.o ABSOLUTE
    ../fplib/microlib/fpdiv.c                0x00000000   Number         0  fdiv.o ABSOLUTE
    ../fplib/microlib/fpepilogue.c           0x00000000   Number         0  depilogue.o ABSOLUTE
    ../fplib/microlib/fpepilogue.c           0x00000000   Number         0  fepilogue.o ABSOLUTE
    ../fplib/microlib/fpfix.c                0x00000000   Number         0  dfixul.o ABSOLUTE
    ../fplib/microlib/fpfix.c                0x00000000   Number         0  dfixi.o ABSOLUTE
    ../fplib/microlib/fpflt.c                0x00000000   Number         0  dflti.o ABSOLUTE
    ../fplib/microlib/fpflt.c                0x00000000   Number         0  fflti.o ABSOLUTE
    ../fplib/microlib/fpmul.c                0x00000000   Number         0  dmul.o ABSOLUTE
    Nokia5110.c                              0x00000000   Number         0  nokia5110.o ABSOLUTE
    PuertosDFyTimer.c                        0x00000000   Number         0  puertosdfytimer.o ABSOLUTE
    Uart.c                                   0x00000000   Number         0  uart.o ABSOLUTE
    cdrcmple.s                               0x00000000   Number         0  cdrcmple.o ABSOLUTE
    dc.s                                     0x00000000   Number         0  dc.o ABSOLUTE
    handlers.s                               0x00000000   Number         0  handlers.o ABSOLUTE
    init.s                                   0x00000000   Number         0  init.o ABSOLUTE
    main.c                                   0x00000000   Number         0  main.o ABSOLUTE
    moduloADC.c                              0x00000000   Number         0  moduloadc.o ABSOLUTE
    startup.s                                0x00000000   Number         0  startup.o ABSOLUTE
    {4E21AE2F-C9FD-43F9-914C-440EE6A121A3}   0x00000000   Number         0  TivaES.obj ABSOLUTE
    .ARM.Collect$$$$00000000                 0x00000284   Section        0  entry.o(.ARM.Collect$$$$00000000)
    .ARM.Collect$$$$00000001                 0x00000284   Section        4  entry2.o(.ARM.Collect$$$$00000001)
    .ARM.Collect$$$$00000004                 0x00000288   Section        4  entry5.o(.ARM.Collect$$$$00000004)
    .ARM.Collect$$$$00000008                 0x0000028c   Section        0  entry7b.o(.ARM.Collect$$$$00000008)
    .ARM.Collect$$$$0000000A                 0x0000028c   Section        0  entry8b.o(.ARM.Collect$$$$0000000A)
    .ARM.Collect$$$$0000000B                 0x0000028c   Section        8  entry9a.o(.ARM.Collect$$$$0000000B)
    .ARM.Collect$$$$0000000D                 0x00000294   Section        0  entry10a.o(.ARM.Collect$$$$0000000D)
    .ARM.Collect$$$$0000000F                 0x00000294   Section        0  entry11a.o(.ARM.Collect$$$$0000000F)
    .ARM.Collect$$$$00002712                 0x00000294   Section        4  entry2.o(.ARM.Collect$$$$00002712)
    __lit__00000000                          0x00000294   Data           4  entry2.o(.ARM.Collect$$$$00002712)
    .text                                    0x00000298   Section       36  init.o(.text)
    i.ConfigUART0                            0x000002bc   Section        0  uart.o(i.ConfigUART0)
    i.ConfiguraTimer_1ms                     0x00000378   Section        0  puertosdfytimer.o(i.ConfiguraTimer_1ms)
    i.Nokia5110_Clear                        0x000003b2   Section        0  nokia5110.o(i.Nokia5110_Clear)
    i.Nokia5110_ClearBuffer                  0x000003d4   Section        0  nokia5110.o(i.Nokia5110_ClearBuffer)
    i.Nokia5110_DrawFullImage                0x000003ec   Section        0  nokia5110.o(i.Nokia5110_DrawFullImage)
    i.Nokia5110_Init                         0x00000410   Section        0  nokia5110.o(i.Nokia5110_Init)
    i.Nokia5110_SetCursor                    0x0000057c   Section        0  nokia5110.o(i.Nokia5110_SetCursor)
    i.SysTick_Handler                        0x000005ac   Section        0  main.o(i.SysTick_Handler)
    i.__scatterload_copy                     0x000005d4   Section       14  handlers.o(i.__scatterload_copy)
    i.__scatterload_null                     0x000005e2   Section        2  handlers.o(i.__scatterload_null)
    i.__scatterload_zeroinit                 0x000005e4   Section       14  handlers.o(i.__scatterload_zeroinit)
    i.configADC                              0x000005f4   Section        0  moduloadc.o(i.configADC)
    i.configPulsadores_D                     0x000006a4   Section        0  puertosdfytimer.o(i.configPulsadores_D)
    i.config_portF                           0x00000724   Section        0  puertosdfytimer.o(i.config_portF)
    i.lcdwrite                               0x000007ec   Section        0  nokia5110.o(i.lcdwrite)
    lcdwrite                                 0x000007ed   Thumb Code    66  nokia5110.o(i.lcdwrite)
    i.main                                   0x00000838   Section        0  main.o(i.main)
    .constdata                               0x00000894   Section     3514  main.o(.constdata)
    ASCII                                    0x00000894   Data         480  main.o(.constdata)
    .data                                    0x20000000   Section       36  main.o(.data)
    .bss                                     0x20000024   Section     1008  nokia5110.o(.bss)
    STACK                                    0x20000418   Section     1024  startup.o(STACK)
    StackMem                                 0x20000418   Data           0  startup.o(STACK)

    Global Symbols

    Symbol Name                              Value     Ov Type        Size  Object(Section)

    BuildAttributes$$THM_ISAv4$E$P$D$K$B$S$7EM$VFPv3_D16$VFMA$PE$FZ_POSZERO$A:L22UL41UL21$X:L11$S22US41US21$IEEE1$IW$USESV6$~STKCKD$USESV7$~SHL$OTIME$ROPI$EBA8$MICROLIB$REQ8$PRES8$EABIv2 0x00000000   Number         0  anon$$obj.o ABSOLUTE
    __ARM_use_no_argv                        0x00000000   Number         0  main.o ABSOLUTE
    __Vectors                                0x00000000   Data           0  startup.o(RESET)
    _printf_a                                0x00000000   Number         0  stubs.o ABSOLUTE
    _printf_c                                0x00000000   Number         0  stubs.o ABSOLUTE
    _printf_charcount                        0x00000000   Number         0  stubs.o ABSOLUTE
    _printf_d                                0x00000000   Number         0  stubs.o ABSOLUTE
    _printf_e                                0x00000000   Number         0  stubs.o ABSOLUTE
    _printf_f                                0x00000000   Number         0  stubs.o ABSOLUTE
    _printf_flags                            0x00000000   Number         0  stubs.o ABSOLUTE
    _printf_fp_dec                           0x00000000   Number         0  stubs.o ABSOLUTE
    _printf_fp_hex                           0x00000000   Number         0  stubs.o ABSOLUTE
    _printf_g                                0x00000000   Number         0  stubs.o ABSOLUTE
    _printf_i                                0x00000000   Number         0  stubs.o ABSOLUTE
    _printf_int_dec                          0x00000000   Number         0  stubs.o ABSOLUTE
    _printf_l                                0x00000000   Number         0  stubs.o ABSOLUTE
    _printf_lc                               0x00000000   Number         0  stubs.o ABSOLUTE
    _printf_ll                               0x00000000   Number         0  stubs.o ABSOLUTE
    _printf_lld                              0x00000000   Number         0  stubs.o ABSOLUTE
    _printf_lli                              0x00000000   Number         0  stubs.o ABSOLUTE
    _printf_llo                              0x00000000   Number         0  stubs.o ABSOLUTE
    _printf_llu                              0x00000000   Number         0  stubs.o ABSOLUTE
    _printf_llx                              0x00000000   Number         0  stubs.o ABSOLUTE
    _printf_longlong_dec                     0x00000000   Number         0  stubs.o ABSOLUTE
    _printf_longlong_hex                     0x00000000   Number         0  stubs.o ABSOLUTE
    _printf_longlong_oct                     0x00000000   Number         0  stubs.o ABSOLUTE
    _printf_ls                               0x00000000   Number         0  stubs.o ABSOLUTE
    _printf_mbtowc                           0x00000000   Number         0  stubs.o ABSOLUTE
    _printf_n                                0x00000000   Number         0  stubs.o ABSOLUTE
    _printf_o                                0x00000000   Number         0  stubs.o ABSOLUTE
    _printf_p                                0x00000000   Number         0  stubs.o ABSOLUTE
    _printf_percent                          0x00000000   Number         0  stubs.o ABSOLUTE
    _printf_pre_padding                      0x00000000   Number         0  stubs.o ABSOLUTE
    _printf_return_value                     0x00000000   Number         0  stubs.o ABSOLUTE
    _printf_s                                0x00000000   Number         0  stubs.o ABSOLUTE
    _printf_sizespec                         0x00000000   Number         0  stubs.o ABSOLUTE
    _printf_str                              0x00000000   Number         0  stubs.o ABSOLUTE
    _printf_truncate_signed                  0x00000000   Number         0  stubs.o ABSOLUTE
    _printf_truncate_unsigned                0x00000000   Number         0  stubs.o ABSOLUTE
    _printf_u                                0x00000000   Number         0  stubs.o ABSOLUTE
    _printf_wc                               0x00000000   Number         0  stubs.o ABSOLUTE
    _printf_wctomb                           0x00000000   Number         0  stubs.o ABSOLUTE
    _printf_widthprec                        0x00000000   Number         0  stubs.o ABSOLUTE
    _printf_x                                0x00000000   Number         0  stubs.o ABSOLUTE
    __cpp_initialize__aeabi_                  - Undefined Weak Reference
    __cxa_finalize                            - Undefined Weak Reference
    __decompress                              - Undefined Weak Reference
    _clock_init                               - Undefined Weak Reference
    _microlib_exit                            - Undefined Weak Reference
    Reset_Handler                            0x0000026d   Thumb Code     0  startup.o(RESET)
    NMI_Handler                              0x00000271   Thumb Code     2  startup.o(RESET)
    HardFault_Handler                        0x00000273   Thumb Code     2  startup.o(RESET)
    MemManage_Handler                        0x00000275   Thumb Code     2  startup.o(RESET)
    BusFault_Handler                         0x00000277   Thumb Code     2  startup.o(RESET)
    UsageFault_Handler                       0x00000279   Thumb Code     2  startup.o(RESET)
    SVC_Handler                              0x0000027b   Thumb Code     2  startup.o(RESET)
    DebugMon_Handler                         0x0000027d   Thumb Code     2  startup.o(RESET)
    PendSV_Handler                           0x0000027f   Thumb Code     2  startup.o(RESET)
    ADC0Seq0_Handler                         0x00000283   Thumb Code     0  startup.o(RESET)
    ADC0Seq1_Handler                         0x00000283   Thumb Code     0  startup.o(RESET)
    ADC0Seq2_Handler                         0x00000283   Thumb Code     0  startup.o(RESET)
    ADC0Seq3_Handler                         0x00000283   Thumb Code     0  startup.o(RESET)
    ADC1Seq0_Handler                         0x00000283   Thumb Code     0  startup.o(RESET)
    ADC1Seq1_Handler                         0x00000283   Thumb Code     0  startup.o(RESET)
    ADC1Seq2_Handler                         0x00000283   Thumb Code     0  startup.o(RESET)
    ADC1Seq3_Handler                         0x00000283   Thumb Code     0  startup.o(RESET)
    CAN0_Handler                             0x00000283   Thumb Code     0  startup.o(RESET)
    CAN1_Handler                             0x00000283   Thumb Code     0  startup.o(RESET)
    CAN2_Handler                             0x00000283   Thumb Code     0  startup.o(RESET)
    Comp0_Handler                            0x00000283   Thumb Code     0  startup.o(RESET)
    Comp1_Handler                            0x00000283   Thumb Code     0  startup.o(RESET)
    Comp2_Handler                            0x00000283   Thumb Code     0  startup.o(RESET)
    Ethernet_Handler                         0x00000283   Thumb Code     0  startup.o(RESET)
    ExtBus_Handler                           0x00000283   Thumb Code     0  startup.o(RESET)
    FPU_Handler                              0x00000283   Thumb Code     0  startup.o(RESET)
    Fan0_Handler                             0x00000283   Thumb Code     0  startup.o(RESET)
    FlashCtl_Handler                         0x00000283   Thumb Code     0  startup.o(RESET)
    GPIOPortA_Handler                        0x00000283   Thumb Code     0  startup.o(RESET)
    GPIOPortB_Handler                        0x00000283   Thumb Code     0  startup.o(RESET)
    GPIOPortC_Handler                        0x00000283   Thumb Code     0  startup.o(RESET)
    GPIOPortD_Handler                        0x00000283   Thumb Code     0  startup.o(RESET)
    GPIOPortE_Handler                        0x00000283   Thumb Code     0  startup.o(RESET)
    GPIOPortF_Handler                        0x00000283   Thumb Code     0  startup.o(RESET)
    GPIOPortG_Handler                        0x00000283   Thumb Code     0  startup.o(RESET)
    GPIOPortH_Handler                        0x00000283   Thumb Code     0  startup.o(RESET)
    GPIOPortJ_Handler                        0x00000283   Thumb Code     0  startup.o(RESET)
    GPIOPortK_Handler                        0x00000283   Thumb Code     0  startup.o(RESET)
    GPIOPortL_Handler                        0x00000283   Thumb Code     0  startup.o(RESET)
    GPIOPortM_Handler                        0x00000283   Thumb Code     0  startup.o(RESET)
    GPIOPortN_Handler                        0x00000283   Thumb Code     0  startup.o(RESET)
    GPIOPortP1_Handler                       0x00000283   Thumb Code     0  startup.o(RESET)
    GPIOPortP2_Handler                       0x00000283   Thumb Code     0  startup.o(RESET)
    GPIOPortP3_Handler                       0x00000283   Thumb Code     0  startup.o(RESET)
    GPIOPortP4_Handler                       0x00000283   Thumb Code     0  startup.o(RESET)
    GPIOPortP5_Handler                       0x00000283   Thumb Code     0  startup.o(RESET)
    GPIOPortP6_Handler                       0x00000283   Thumb Code     0  startup.o(RESET)
    GPIOPortP7_Handler                       0x00000283   Thumb Code     0  startup.o(RESET)
    GPIOPortP_Handler                        0x00000283   Thumb Code     0  startup.o(RESET)
    GPIOPortQ1_Handler                       0x00000283   Thumb Code     0  startup.o(RESET)
    GPIOPortQ2_Handler                       0x00000283   Thumb Code     0  startup.o(RESET)
    GPIOPortQ3_Handler                       0x00000283   Thumb Code     0  startup.o(RESET)
    GPIOPortQ4_Handler                       0x00000283   Thumb Code     0  startup.o(RESET)
    GPIOPortQ5_Handler                       0x00000283   Thumb Code     0  startup.o(RESET)
    GPIOPortQ6_Handler                       0x00000283   Thumb Code     0  startup.o(RESET)
    GPIOPortQ7_Handler                       0x00000283   Thumb Code     0  startup.o(RESET)
    GPIOPortQ_Handler                        0x00000283   Thumb Code     0  startup.o(RESET)
    GPIOPortR_Handler                        0x00000283   Thumb Code     0  startup.o(RESET)
    GPIOPortS_Handler                        0x00000283   Thumb Code     0  startup.o(RESET)
    Hibernate_Handler                        0x00000283   Thumb Code     0  startup.o(RESET)
    I2C0_Handler                             0x00000283   Thumb Code     0  startup.o(RESET)
    I2C1_Handler                             0x00000283   Thumb Code     0  startup.o(RESET)
    I2C2_Handler                             0x00000283   Thumb Code     0  startup.o(RESET)
    I2C3_Handler                             0x00000283   Thumb Code     0  startup.o(RESET)
    I2C4_Handler                             0x00000283   Thumb Code     0  startup.o(RESET)
    I2C5_Handler                             0x00000283   Thumb Code     0  startup.o(RESET)
    I2S0_Handler                             0x00000283   Thumb Code     0  startup.o(RESET)
    LPC0_Handler                             0x00000283   Thumb Code     0  startup.o(RESET)
    PECI0_Handler                            0x00000283   Thumb Code     0  startup.o(RESET)
    PWM0Fault_Handler                        0x00000283   Thumb Code     0  startup.o(RESET)
    PWM0Generator0_Handler                   0x00000283   Thumb Code     0  startup.o(RESET)
    PWM0Generator1_Handler                   0x00000283   Thumb Code     0  startup.o(RESET)
    PWM0Generator2_Handler                   0x00000283   Thumb Code     0  startup.o(RESET)
    PWM0Generator3_Handler                   0x00000283   Thumb Code     0  startup.o(RESET)
    PWM1Fault_Handler                        0x00000283   Thumb Code     0  startup.o(RESET)
    PWM1Generator0_Handler                   0x00000283   Thumb Code     0  startup.o(RESET)
    PWM1Generator1_Handler                   0x00000283   Thumb Code     0  startup.o(RESET)
    PWM1Generator2_Handler                   0x00000283   Thumb Code     0  startup.o(RESET)
    PWM1Generator3_Handler                   0x00000283   Thumb Code     0  startup.o(RESET)
    Quadrature0_Handler                      0x00000283   Thumb Code     0  startup.o(RESET)
    Quadrature1_Handler                      0x00000283   Thumb Code     0  startup.o(RESET)
    Quadrature2_Handler                      0x00000283   Thumb Code     0  startup.o(RESET)
    SSI0_Handler                             0x00000283   Thumb Code     0  startup.o(RESET)
    SSI1_Handler                             0x00000283   Thumb Code     0  startup.o(RESET)
    SSI2_Handler                             0x00000283   Thumb Code     0  startup.o(RESET)
    SSI3_Handler                             0x00000283   Thumb Code     0  startup.o(RESET)
    SysCtl_Handler                           0x00000283   Thumb Code     0  startup.o(RESET)
    Timer0A_Handler                          0x00000283   Thumb Code     0  startup.o(RESET)
    Timer0B_Handler                          0x00000283   Thumb Code     0  startup.o(RESET)
    Timer1A_Handler                          0x00000283   Thumb Code     0  startup.o(RESET)
    Timer1B_Handler                          0x00000283   Thumb Code     0  startup.o(RESET)
    Timer2A_Handler                          0x00000283   Thumb Code     0  startup.o(RESET)
    Timer2B_Handler                          0x00000283   Thumb Code     0  startup.o(RESET)
    Timer3A_Handler                          0x00000283   Thumb Code     0  startup.o(RESET)
    Timer3B_Handler                          0x00000283   Thumb Code     0  startup.o(RESET)
    Timer4A_Handler                          0x00000283   Thumb Code     0  startup.o(RESET)
    Timer4B_Handler                          0x00000283   Thumb Code     0  startup.o(RESET)
    Timer5A_Handler                          0x00000283   Thumb Code     0  startup.o(RESET)
    Timer5B_Handler                          0x00000283   Thumb Code     0  startup.o(RESET)
    UART0_Handler                            0x00000283   Thumb Code     0  startup.o(RESET)
    UART1_Handler                            0x00000283   Thumb Code     0  startup.o(RESET)
    UART2_Handler                            0x00000283   Thumb Code     0  startup.o(RESET)
    UART3_Handler                            0x00000283   Thumb Code     0  startup.o(RESET)
    UART4_Handler                            0x00000283   Thumb Code     0  startup.o(RESET)
    UART5_Handler                            0x00000283   Thumb Code     0  startup.o(RESET)
    UART6_Handler                            0x00000283   Thumb Code     0  startup.o(RESET)
    UART7_Handler                            0x00000283   Thumb Code     0  startup.o(RESET)
    USB0_Handler                             0x00000283   Thumb Code     0  startup.o(RESET)
    WDT_Handler                              0x00000283   Thumb Code     0  startup.o(RESET)
    WideTimer0A_Handler                      0x00000283   Thumb Code     0  startup.o(RESET)
    WideTimer0B_Handler                      0x00000283   Thumb Code     0  startup.o(RESET)
    WideTimer1A_Handler                      0x00000283   Thumb Code     0  startup.o(RESET)
    WideTimer1B_Handler                      0x00000283   Thumb Code     0  startup.o(RESET)
    WideTimer2A_Handler                      0x00000283   Thumb Code     0  startup.o(RESET)
    WideTimer2B_Handler                      0x00000283   Thumb Code     0  startup.o(RESET)
    WideTimer3A_Handler                      0x00000283   Thumb Code     0  startup.o(RESET)
    WideTimer3B_Handler                      0x00000283   Thumb Code     0  startup.o(RESET)
    WideTimer4A_Handler                      0x00000283   Thumb Code     0  startup.o(RESET)
    WideTimer4B_Handler                      0x00000283   Thumb Code     0  startup.o(RESET)
    WideTimer5A_Handler                      0x00000283   Thumb Code     0  startup.o(RESET)
    WideTimer5B_Handler                      0x00000283   Thumb Code     0  startup.o(RESET)
    uDMA_Error                               0x00000283   Thumb Code     0  startup.o(RESET)
    uDMA_Handler                             0x00000283   Thumb Code     0  startup.o(RESET)
    __main                                   0x00000285   Thumb Code     0  entry.o(.ARM.Collect$$$$00000000)
    _main_stk                                0x00000285   Thumb Code     0  entry2.o(.ARM.Collect$$$$00000001)
    _main_scatterload                        0x00000289   Thumb Code     0  entry5.o(.ARM.Collect$$$$00000004)
    __main_after_scatterload                 0x0000028d   Thumb Code     0  entry5.o(.ARM.Collect$$$$00000004)
    _main_clock                              0x0000028d   Thumb Code     0  entry7b.o(.ARM.Collect$$$$00000008)
    _main_cpp_init                           0x0000028d   Thumb Code     0  entry8b.o(.ARM.Collect$$$$0000000A)
    _main_init                               0x0000028d   Thumb Code     0  entry9a.o(.ARM.Collect$$$$0000000B)
    __rt_final_cpp                           0x00000295   Thumb Code     0  entry10a.o(.ARM.Collect$$$$0000000D)
    __rt_final_exit                          0x00000295   Thumb Code     0  entry11a.o(.ARM.Collect$$$$0000000F)
    __scatterload                            0x00000299   Thumb Code    28  init.o(.text)
    __scatterload_rt2                        0x00000299   Thumb Code     0  init.o(.text)
    ConfigUART0                              0x000002bd   Thumb Code   158  uart.o(i.ConfigUART0)
    ConfiguraTimer_1ms                       0x00000379   Thumb Code    58  puertosdfytimer.o(i.ConfiguraTimer_1ms)
    Nokia5110_Clear                          0x000003b3   Thumb Code    32  nokia5110.o(i.Nokia5110_Clear)
    Nokia5110_ClearBuffer                    0x000003d5   Thumb Code    20  nokia5110.o(i.Nokia5110_ClearBuffer)
    Nokia5110_DrawFullImage                  0x000003ed   Thumb Code    34  nokia5110.o(i.Nokia5110_DrawFullImage)
    Nokia5110_Init                           0x00000411   Thumb Code   316  nokia5110.o(i.Nokia5110_Init)
    Nokia5110_SetCursor                      0x0000057d   Thumb Code    48  nokia5110.o(i.Nokia5110_SetCursor)
    SysTick_Handler                          0x000005ad   Thumb Code    30  main.o(i.SysTick_Handler)
    __scatterload_copy                       0x000005d5   Thumb Code    14  handlers.o(i.__scatterload_copy)
    __scatterload_null                       0x000005e3   Thumb Code     2  handlers.o(i.__scatterload_null)
    __scatterload_zeroinit                   0x000005e5   Thumb Code    14  handlers.o(i.__scatterload_zeroinit)
    configADC                                0x000005f5   Thumb Code   150  moduloadc.o(i.configADC)
    configPulsadores_D                       0x000006a5   Thumb Code   110  puertosdfytimer.o(i.configPulsadores_D)
    config_portF                             0x00000725   Thumb Code   170  puertosdfytimer.o(i.config_portF)
    main                                     0x00000839   Thumb Code    74  main.o(i.main)
    init                                     0x00000a74   Data         504  main.o(.constdata)
    obs                                      0x00000c6c   Data           4  main.o(.constdata)
    linea_cur                                0x00000c70   Data           6  main.o(.constdata)
    bitmap0                                  0x00000c76   Data         504  main.o(.constdata)
    bitmap1                                  0x00000e6e   Data         504  main.o(.constdata)
    bitmap2                                  0x00001066   Data         504  main.o(.constdata)
    bitmap3                                  0x0000125e   Data         504  main.o(.constdata)
    bitmap4                                  0x00001456   Data         504  main.o(.constdata)
    Region$$Table$$Base                      0x00001650   Number         0  anon$$obj.o(Region$$Table)
    Region$$Table$$Limit                     0x00001670   Number         0  anon$$obj.o(Region$$Table)
    cursor_on                                0x20000000   Data           2  main.o(.data)
    x_cursor_1                               0x20000002   Data           2  main.o(.data)
    x_cursor_2                               0x20000004   Data           2  main.o(.data)
    dez                                      0x20000006   Data           2  main.o(.data)
    amp                                      0x20000008   Data           2  main.o(.data)
    escala_1                                 0x2000000a   Data           2  main.o(.data)
    escala                                   0x2000000c   Data           2  main.o(.data)
    view                                     0x2000000e   Data           2  main.o(.data)
    esp                                      0x20000010   Data           2  main.o(.data)
    horizontal                               0x20000012   Data           2  main.o(.data)
    contActualizarPantalla                   0x20000014   Data           2  main.o(.data)
    pausa                                    0x20000016   Data           1  main.o(.data)
    TiempoDeLectura                          0x20000018   Data           2  main.o(.data)
    x_pos                                    0x2000001a   Data           2  main.o(.data)
    framecnt                                 0x2000001c   Data           4  main.o(.data)
    ActualizarPantalla                       0x20000020   Data           1  main.o(.data)
    contTiempoDeLectura                      0x20000022   Data           2  main.o(.data)
    null                                     0x20000024   Data         504  nokia5110.o(.bss)
    Screen                                   0x2000021c   Data         504  nokia5110.o(.bss)
    __initial_sp                             0x20000818   Data           0  startup.o(STACK)



==============================================================================

Memory Map of the image

  Image Entry point : 0x0000026d

  Load Region LR_1 (Base: 0x00000000, Size: 0x00001694, Max: 0xffffffff, ABSOLUTE)

    Execution Region ER_RO (Base: 0x00000000, Size: 0x00001670, Max: 0xffffffff, ABSOLUTE)

    Base Addr    Size         Type   Attr      Idx    E Section Name        Object

    0x00000000   0x00000284   Code   RO          415  * RESET               startup.o
    0x00000284   0x00000000   Code   RO          597  * .ARM.Collect$$$$00000000  mc_w.l(entry.o)
    0x00000284   0x00000004   Code   RO          879    .ARM.Collect$$$$00000001  mc_w.l(entry2.o)
    0x00000288   0x00000004   Code   RO          882    .ARM.Collect$$$$00000004  mc_w.l(entry5.o)
    0x0000028c   0x00000000   Code   RO          884    .ARM.Collect$$$$00000008  mc_w.l(entry7b.o)
    0x0000028c   0x00000000   Code   RO          886    .ARM.Collect$$$$0000000A  mc_w.l(entry8b.o)
    0x0000028c   0x00000008   Code   RO          887    .ARM.Collect$$$$0000000B  mc_w.l(entry9a.o)
    0x00000294   0x00000000   Code   RO          889    .ARM.Collect$$$$0000000D  mc_w.l(entry10a.o)
    0x00000294   0x00000000   Code   RO          891    .ARM.Collect$$$$0000000F  mc_w.l(entry11a.o)
    0x00000294   0x00000004   Code   RO          880    .ARM.Collect$$$$00002712  mc_w.l(entry2.o)
    0x00000298   0x00000024   Code   RO          915    .text               mc_w.l(init.o)
    0x000002bc   0x000000bc   Code   RO          537    i.ConfigUART0       uart.o
    0x00000378   0x0000003a   Code   RO          573    i.ConfiguraTimer_1ms  puertosdfytimer.o
    0x000003b2   0x00000020   Code   RO            1    i.Nokia5110_Clear   nokia5110.o
    0x000003d2   0x00000002   PAD
    0x000003d4   0x00000018   Code   RO            2    i.Nokia5110_ClearBuffer  nokia5110.o
    0x000003ec   0x00000022   Code   RO            4    i.Nokia5110_DrawFullImage  nokia5110.o
    0x0000040e   0x00000002   PAD
    0x00000410   0x0000016c   Code   RO            5    i.Nokia5110_Init    nokia5110.o
    0x0000057c   0x00000030   Code   RO           12    i.Nokia5110_SetCursor  nokia5110.o
    0x000005ac   0x00000028   Code   RO          423    i.SysTick_Handler   main.o
    0x000005d4   0x0000000e   Code   RO          921    i.__scatterload_copy  mc_w.l(handlers.o)
    0x000005e2   0x00000002   Code   RO          922    i.__scatterload_null  mc_w.l(handlers.o)
    0x000005e4   0x0000000e   Code   RO          923    i.__scatterload_zeroinit  mc_w.l(handlers.o)
    0x000005f2   0x00000002   PAD
    0x000005f4   0x000000b0   Code   RO          514    i.configADC         moduloadc.o
    0x000006a4   0x00000080   Code   RO          574    i.configPulsadores_D  puertosdfytimer.o
    0x00000724   0x000000c8   Code   RO          575    i.config_portF      puertosdfytimer.o
    0x000007ec   0x0000004c   Code   RO           57    i.lcdwrite          nokia5110.o
    0x00000838   0x0000005c   Code   RO          425    i.main              main.o
    0x00000894   0x00000dba   Data   RO          427    .constdata          main.o
    0x0000164e   0x00000002   PAD
    0x00001650   0x00000020   Data   RO          919    Region$$Table       anon$$obj.o


    Execution Region ER_RW (Base: 0x20000000, Size: 0x00000024, Max: 0xffffffff, ABSOLUTE)

    Base Addr    Size         Type   Attr      Idx    E Section Name        Object

    0x20000000   0x00000024   Data   RW          428    .data               main.o


    Execution Region ER_ZI (Base: 0x20000024, Size: 0x000007f4, Max: 0xffffffff, ABSOLUTE)

    Base Addr    Size         Type   Attr      Idx    E Section Name        Object

    0x20000024   0x000003f0   Zero   RW           63    .bss                nokia5110.o
    0x20000414   0x00000004   PAD
    0x20000418   0x00000400   Zero   RW          413    STACK               startup.o


==============================================================================

Image component sizes


      Code (inc. data)   RO Data    RW Data    ZI Data      Debug   Object Name

       132         28       3514         36          0       2775   main.o
       176         26          0          0          0        384   moduloadc.o
       578         62          0          0       1008       9093   nokia5110.o
       386         48          0          0          0       1177   puertosdfytimer.o
       644        620          0          0       1024        684   startup.o
       188         30          0          0          0        390   uart.o

    ----------------------------------------------------------------------
      2108        814       3548         36       2036      14503   Object Totals
         0          0         32          0          0          0   (incl. Generated)
         4          0          2          0          4          0   (incl. Padding)

    ----------------------------------------------------------------------

      Code (inc. data)   RO Data    RW Data    ZI Data      Debug   Library Member Name

         0          0          0          0          0          0   entry.o
         0          0          0          0          0          0   entry10a.o
         0          0          0          0          0          0   entry11a.o
         8          4          0          0          0          0   entry2.o
         4          0          0          0          0          0   entry5.o
         0          0          0          0          0          0   entry7b.o
         0          0          0          0          0          0   entry8b.o
         8          4          0          0          0          0   entry9a.o
        30          0          0          0          0          0   handlers.o
        36          8          0          0          0         68   init.o

    ----------------------------------------------------------------------
        88         16          0          0          0         68   Library Totals
         2          0          0          0          0          0   (incl. Padding)

    ----------------------------------------------------------------------

      Code (inc. data)   RO Data    RW Data    ZI Data      Debug   Library Name

        86         16          0          0          0         68   mc_w.l

    ----------------------------------------------------------------------
        88         16          0          0          0         68   Library Totals

    ----------------------------------------------------------------------

==============================================================================


      Code (inc. data)   RO Data    RW Data    ZI Data      Debug   

      2196        830       3548         36       2036      13999   Grand Totals
      2196        830       3548         36       2036      13999   ELF Image Totals
      2196        830       3548         36          0          0   ROM Totals

==============================================================================

    Total RO  Size (Code + RO Data)                 5744 (   5.61kB)
    Total RW  Size (RW Data + ZI Data)              2072 (   2.02kB)
    Total ROM Size (Code + RO Data + RW Data)       5780 (   5.64kB)

==============================================================================

